Component: ARM Compiler 5.05 update 2 (build 169) Tool: armlink [4d0f33]

==============================================================================

Section Cross References

    main.o(i.main) refers to jpstm32_sysclk.o(i.sysclkInit) for sysclkInit
    main.o(i.main) refers to jpstm32_sysclk.o(i.delayInit) for delayInit
    main.o(i.main) refers to sys.o(i.JTAG_Set) for JTAG_Set
    main.o(i.main) refers to zigbee_usart.o(i.zigbee_usart_init) for zigbee_usart_init
    main.o(i.main) refers to zigbee_usart.o(i.max485_rd_init) for max485_rd_init
    main.o(i.main) refers to debug_usart.o(i.usart_init) for usart_init
    main.o(i.main) refers to function.o(i.device_init) for device_init
    main.o(i.main) refers to analysis.o(i.analysis) for analysis
    main.o(i.main) refers to zigbee_usart.o(.data) for ZigbeeR_Finish
    analysis.o(i.addr_analysis) refers to config.o(.data) for device_ids
    analysis.o(i.analysis) refers to config.o(i.crc16_check) for crc16_check
    analysis.o(i.analysis) refers to analysis.o(i.addr_analysis) for addr_analysis
    analysis.o(i.analysis) refers to function.o(i.my_equ_control) for my_equ_control
    analysis.o(i.analysis) refers to zigbee_usart.o(.bss) for zigbee_buffer
    analysis.o(i.analysis) refers to config.o(.data) for device_ids
    function.o(i.device_init) refers to figure_print.o(i.figure_print_init) for figure_print_init
    function.o(i.device_init) refers to lock.o(i.Lock_Init) for Lock_Init
    function.o(i.device_init) refers to exti.o(i.EXTIX_Init) for EXTIX_Init
    function.o(i.device_init) refers to iic_master.o(i.IIC_M_Init) for IIC_M_Init
    function.o(i.device_init) refers to rc522.o(i.InitRc522) for InitRc522
    function.o(i.device_init) refers to jxl12864g-086.o(i.Lcd_Init_IN) for Lcd_Init_IN
    function.o(i.device_init) refers to jxl12864g-086.o(i.Clear_Screen_IN) for Clear_Screen_IN
    function.o(i.feedback) refers to config.o(i.crc16_check) for crc16_check
    function.o(i.feedback) refers to zigbee_usart.o(i.zigbee_send) for zigbee_send
    function.o(i.feedback) refers to function.o(.bss) for updata_buffer
    function.o(i.my_equ_control) refers to function.o(i.feedback) for feedback
    function.o(i.my_equ_control) refers to function.o(.data) for l_lock
    zigbee_usart.o(i.DMA1_Channel7_IRQHandler) refers to zigbee_usart.o(.bss) for zigbee_buffer
    zigbee_usart.o(i.USART2_IRQHandler) refers to zigbee_usart.o(.data) for ZigbeeR_Size
    zigbee_usart.o(i.zigbee_usart_init) refers to fflt_clz.o(x$fpl$ffltu) for __aeabi_ui2f
    zigbee_usart.o(i.zigbee_usart_init) refers to fdiv.o(x$fpl$fdiv) for __aeabi_fdiv
    zigbee_usart.o(i.zigbee_usart_init) refers to ffixu.o(x$fpl$ffixu) for __aeabi_f2uiz
    zigbee_usart.o(i.zigbee_usart_init) refers to faddsub_clz.o(x$fpl$frsb) for __aeabi_frsub
    zigbee_usart.o(i.zigbee_usart_init) refers to fmul.o(x$fpl$fmul) for __aeabi_fmul
    zigbee_usart.o(i.zigbee_usart_init) refers to jpstm32_sysclk.o(i.delayMs) for delayMs
    zigbee_usart.o(i.zigbee_usart_init) refers to sys.o(i.MY_NVIC_Init) for MY_NVIC_Init
    zigbee_usart.o(i.zigbee_usart_init) refers to zigbee_usart.o(.bss) for zigbee_buffer
    ws2812b.o(i.WS2812B_Clear) refers to ws2812b.o(i.WS2812B_EN) for WS2812B_EN
    ws2812b.o(i.WS2812B_Clear) refers to ws2812b.o(.bss) for PixelBuffer
    ws2812b.o(i.WS2812B_Init) refers to ws2812b.o(.bss) for PixelBuffer
    ws2812b.o(i.WS2812B_Pixel_EN) refers to ws2812b.o(i.WS2812B_EN) for WS2812B_EN
    ws2812b.o(i.WS2812B_Pixel_EN) refers to ws2812b.o(.bss) for PixelBuffer
    tp4115.o(i.PT4115_Init) refers to tim.o(i.TIM3_CH1234_Init) for TIM3_CH1234_Init
    tp4115.o(i.PT4115_Init) refers to tp4115.o(i.PT4115_Change) for PT4115_Change
    co2.o(i.CO2_Init) refers to usart3.o(i.usart3_init) for usart3_init
    co2.o(i.CO2_Measure) refers to usart3.o(i.Usart3_send) for Usart3_send
    co2.o(i.CO2_Measure) refers to co2.o(.data) for CO2_R_COM
    co2.o(i.CO2_Measure) refers to usart3.o(.data) for UsartR_Finished
    co2.o(i.CO2_Measure) refers to usart3.o(.bss) for Usart3Buffer
    bh1750.o(i.BH1750_Init) refers to myiic.o(i.Sing_Write_ND) for Sing_Write_ND
    bh1750.o(i.BH1750_Measure) refers to myiic.o(i.Sing_Read_NR) for Sing_Read_NR
    bh1750.o(i.BH1750_Measure) refers to dflt_clz.o(x$fpl$dfltu) for __aeabi_ui2d
    bh1750.o(i.BH1750_Measure) refers to ddiv.o(x$fpl$ddiv) for __aeabi_ddiv
    bh1750.o(i.BH1750_Measure) refers to d2f.o(x$fpl$d2f) for __aeabi_d2f
    bh1750.o(i.BH1750_Original_Measure) refers to myiic.o(i.Sing_Read_NR) for Sing_Read_NR
    bh1750.o(i.BH1750_Start) refers to myiic.o(i.Sing_Write_ND) for Sing_Write_ND
    myiic.o(i.IIC_Ack) refers to jpstm32_sysclk.o(i.delayUs) for delayUs
    myiic.o(i.IIC_NAck) refers to jpstm32_sysclk.o(i.delayUs) for delayUs
    myiic.o(i.IIC_Read_Byte) refers to jpstm32_sysclk.o(i.delayUs) for delayUs
    myiic.o(i.IIC_Read_Byte) refers to myiic.o(i.IIC_NAck) for IIC_NAck
    myiic.o(i.IIC_Read_Byte) refers to myiic.o(i.IIC_Ack) for IIC_Ack
[...]
    rc522.o(i.SPIWriteByte) refers to rc522.o(i.delay_ns) for delay_ns
    rc522.o(i.SetBitMask) refers to rc522.o(i.ReadRawRC) for ReadRawRC
    rc522.o(i.SetBitMask) refers to rc522.o(i.WriteRawRC) for WriteRawRC
    rc522.o(i.WriteRawRC) refers to rc522.o(i.SPIWriteByte) for SPIWriteByte
    delay.o(i._delay_init) refers to delay.o(.data) for fac_us
    delay.o(i._delay_ms) refers to delay.o(.data) for fac_ms
    delay.o(i._delay_us) refers to delay.o(.data) for fac_us
    sys.o(i.MYRCC_DeInit) refers to sys.o(i.MY_NVIC_SetVectorTable) for MY_NVIC_SetVectorTable
    sys.o(i.MY_NVIC_Init) refers to sys.o(i.MY_NVIC_PriorityGroupConfig) for MY_NVIC_PriorityGroupConfig
    sys.o(i.Stm32_Clock_Init) refers to sys.o(i.MYRCC_DeInit) for MYRCC_DeInit
    sys.o(i.Sys_Standby) refers to sys.o(.emb_text) for WFI_SET
    tim1.o(i.TIM1_Init) refers to sys.o(i.MY_NVIC_Init) for MY_NVIC_Init
    startup_stm32f10x_md.o(STACK) refers (Special) to heapauxi.o(.text) for __use_two_region_memory
    startup_stm32f10x_md.o(HEAP) refers (Special) to heapauxi.o(.text) for __use_two_region_memory
    startup_stm32f10x_md.o(RESET) refers (Special) to heapauxi.o(.text) for __use_two_region_memory
    startup_stm32f10x_md.o(RESET) refers to startup_stm32f10x_md.o(STACK) for __initial_sp
    startup_stm32f10x_md.o(RESET) refers to startup_stm32f10x_md.o(.text) for Reset_Handler
    startup_stm32f10x_md.o(RESET) refers to zigbee_usart.o(i.DMA1_Channel7_IRQHandler) for DMA1_Channel7_IRQHandler
    startup_stm32f10x_md.o(RESET) refers to tim1.o(i.TIM1_UP_IRQHandler) for TIM1_UP_IRQHandler
    startup_stm32f10x_md.o(RESET) refers to a4988.o(i.TIM3_IRQHandler) for TIM3_IRQHandler
    startup_stm32f10x_md.o(RESET) refers to debug_usart.o(i.USART1_IRQHandler) for USART1_IRQHandler
    startup_stm32f10x_md.o(RESET) refers to zigbee_usart.o(i.USART2_IRQHandler) for USART2_IRQHandler
    startup_stm32f10x_md.o(RESET) refers to usart3.o(i.USART3_IRQHandler) for USART3_IRQHandler
    startup_stm32f10x_md.o(RESET) refers to exti.o(i.EXTI15_10_IRQHandler) for EXTI15_10_IRQHandler
    startup_stm32f10x_md.o(.text) refers (Special) to heapauxi.o(.text) for __use_two_region_memory
    startup_stm32f10x_md.o(.text) refers to __main.o(!!!main) for __main
    startup_stm32f10x_md.o(.text) refers to startup_stm32f10x_md.o(HEAP) for Heap_Mem
    startup_stm32f10x_md.o(.text) refers to startup_stm32f10x_md.o(STACK) for Stack_Mem
    jpstm32_nvic.o(i.nvicRegister) refers to jpstm32_nvic.o(i.nvicSetGroup) for nvicSetGroup
    jpstm32_nvic.o(i.nvicRegister) refers to jpstm32_nvic.o(i.nvicSetPriority) for nvicSetPriority
    jpstm32_sysclk.o(i.delayInit) refers to jpstm32_sysclk.o(.data) for fac_us
    jpstm32_sysclk.o(i.delayMs) refers to jpstm32_sysclk.o(.data) for fac_ms
    jpstm32_sysclk.o(i.delayUs) refers to jpstm32_sysclk.o(.data) for fac_us
    jpstm32_sysclk.o(i.rccInit) refers to jpstm32_nvic.o(i.nvicSetVector) for nvicSetVector
    jpstm32_sysclk.o(i.sysclkInit) refers to jpstm32_sysclk.o(i.rccInit) for rccInit
    __main.o(!!!main) refers to __rtentry.o(.ARM.Collect$$rtentry$$00000000) for __rt_entry
    d2f.o(x$fpl$d2f) refers (Special) to usenofp.o(x$fpl$usenofp) for __I$use$fp
    d2f.o(x$fpl$d2f) refers to fretinf.o(x$fpl$fretinf) for __fpl_fretinf
    d2f.o(x$fpl$d2f) refers to dnaninf.o(x$fpl$dnaninf) for __fpl_dnaninf
    daddsub_clz.o(x$fpl$dadd) refers (Special) to usenofp.o(x$fpl$usenofp) for __I$use$fp
    daddsub_clz.o(x$fpl$dadd) refers to daddsub_clz.o(x$fpl$dsub) for _dsub1
    daddsub_clz.o(x$fpl$dadd) refers to dretinf.o(x$fpl$dretinf) for __fpl_dretinf
    daddsub_clz.o(x$fpl$dadd) refers to dnaninf.o(x$fpl$dnaninf) for __fpl_dnaninf
    daddsub_clz.o(x$fpl$drsb) refers (Special) to usenofp.o(x$fpl$usenofp) for __I$use$fp
    daddsub_clz.o(x$fpl$drsb) refers to daddsub_clz.o(x$fpl$dadd) for _dadd1
    daddsub_clz.o(x$fpl$drsb) refers to daddsub_clz.o(x$fpl$dsub) for _dsub1
    daddsub_clz.o(x$fpl$dsub) refers (Special) to usenofp.o(x$fpl$usenofp) for __I$use$fp
    daddsub_clz.o(x$fpl$dsub) refers to daddsub_clz.o(x$fpl$dadd) for _dadd1
    daddsub_clz.o(x$fpl$dsub) refers to dnaninf.o(x$fpl$dnaninf) for __fpl_dnaninf
    ddiv.o(x$fpl$drdiv) refers (Special) to usenofp.o(x$fpl$usenofp) for __I$use$fp
    ddiv.o(x$fpl$drdiv) refers to ddiv.o(x$fpl$ddiv) for ddiv_entry
    ddiv.o(x$fpl$ddiv) refers (Special) to usenofp.o(x$fpl$usenofp) for __I$use$fp
    ddiv.o(x$fpl$ddiv) refers to dretinf.o(x$fpl$dretinf) for __fpl_dretinf
    ddiv.o(x$fpl$ddiv) refers to dnaninf.o(x$fpl$dnaninf) for __fpl_dnaninf
    dflt_clz.o(x$fpl$dfltu) refers (Special) to usenofp.o(x$fpl$usenofp) for __I$use$fp
    dflt_clz.o(x$fpl$dflt) refers (Special) to usenofp.o(x$fpl$usenofp) for __I$use$fp
    dflt_clz.o(x$fpl$dfltn) refers (Special) to usenofp.o(x$fpl$usenofp) for __I$use$fp
    dmul.o(x$fpl$dmul) refers (Special) to usenofp.o(x$fpl$usenofp) for __I$use$fp
    dmul.o(x$fpl$dmul) refers to dretinf.o(x$fpl$dretinf) for __fpl_dretinf
    dmul.o(x$fpl$dmul) refers to dnaninf.o(x$fpl$dnaninf) for __fpl_dnaninf
    f2d.o(x$fpl$f2d) refers (Special) to usenofp.o(x$fpl$usenofp) for __I$use$fp
    f2d.o(x$fpl$f2d) refers to fnaninf.o(x$fpl$fnaninf) for __fpl_fnaninf
    f2d.o(x$fpl$f2d) refers to dretinf.o(x$fpl$dretinf) for __fpl_dretinf
    faddsub_clz.o(x$fpl$fadd) refers (Special) to usenofp.o(x$fpl$usenofp) for __I$use$fp
    faddsub_clz.o(x$fpl$fadd) refers to faddsub_clz.o(x$fpl$fsub) for _fsub1
    faddsub_clz.o(x$fpl$fadd) refers to fretinf.o(x$fpl$fretinf) for __fpl_fretinf
    faddsub_clz.o(x$fpl$fadd) refers to fnaninf.o(x$fpl$fnaninf) for __fpl_fnaninf
    faddsub_clz.o(x$fpl$frsb) refers (Special) to usenofp.o(x$fpl$usenofp) for __I$use$fp
    faddsub_clz.o(x$fpl$frsb) refers to faddsub_clz.o(x$fpl$fadd) for _fadd1
    faddsub_clz.o(x$fpl$frsb) refers to faddsub_clz.o(x$fpl$fsub) for _fsub1
    faddsub_clz.o(x$fpl$fsub) refers (Special) to usenofp.o(x$fpl$usenofp) for __I$use$fp
    faddsub_clz.o(x$fpl$fsub) refers to faddsub_clz.o(x$fpl$fadd) for _fadd1
    faddsub_clz.o(x$fpl$fsub) refers to fnaninf.o(x$fpl$fnaninf) for __fpl_fnaninf
    fdiv.o(x$fpl$frdiv) refers (Special) to usenofp.o(x$fpl$usenofp) for __I$use$fp
    fdiv.o(x$fpl$frdiv) refers to fdiv.o(x$fpl$fdiv) for _fdiv1
    fdiv.o(x$fpl$fdiv) refers (Special) to usenofp.o(x$fpl$usenofp) for __I$use$fp
    fdiv.o(x$fpl$fdiv) refers to fretinf.o(x$fpl$fretinf) for __fpl_fretinf
    fdiv.o(x$fpl$fdiv) refers to fnaninf.o(x$fpl$fnaninf) for __fpl_fnaninf
    ffixu.o(x$fpl$ffixu) refers (Special) to usenofp.o(x$fpl$usenofp) for __I$use$fp
    ffixu.o(x$fpl$ffixu) refers to fnaninf.o(x$fpl$fnaninf) for __fpl_fnaninf
    ffixu.o(x$fpl$ffixur) refers (Special) to usenofp.o(x$fpl$usenofp) for __I$use$fp
    ffixu.o(x$fpl$ffixur) refers to fnaninf.o(x$fpl$fnaninf) for __fpl_fnaninf
    fflt_clz.o(x$fpl$ffltu) refers (Special) to usenofp.o(x$fpl$usenofp) for __I$use$fp
    fflt_clz.o(x$fpl$fflt) refers (Special) to usenofp.o(x$fpl$usenofp) for __I$use$fp
    fflt_clz.o(x$fpl$ffltn) refers (Special) to usenofp.o(x$fpl$usenofp) for __I$use$fp
    fmul.o(x$fpl$fmul) refers (Special) to usenofp.o(x$fpl$usenofp) for __I$use$fp
    fmul.o(x$fpl$fmul) refers to fretinf.o(x$fpl$fretinf) for __fpl_fretinf
    fmul.o(x$fpl$fmul) refers to fnaninf.o(x$fpl$fnaninf) for __fpl_fnaninf
    __rtentry.o(.ARM.Collect$$rtentry$$00000000) refers (Special) to __rtentry2.o(.ARM.Collect$$rtentry$$0000000A) for __rt_entry_li
    __rtentry.o(.ARM.Collect$$rtentry$$00000000) refers (Special) to __rtentry2.o(.ARM.Collect$$rtentry$$0000000D) for __rt_entry_main
    __rtentry.o(.ARM.Collect$$rtentry$$00000000) refers (Special) to __rtentry2.o(.ARM.Collect$$rtentry$$0000000C) for __rt_entry_postli_1
    __rtentry.o(.ARM.Collect$$rtentry$$00000000) refers (Special) to __rtentry2.o(.ARM.Collect$$rtentry$$00000009) for __rt_entry_postsh_1
    __rtentry.o(.ARM.Collect$$rtentry$$00000000) refers (Special) to __rtentry2.o(.ARM.Collect$$rtentry$$00000002) for __rt_entry_presh_1
    __rtentry.o(.ARM.Collect$$rtentry$$00000000) refers (Special) to __rtentry4.o(.ARM.Collect$$rtentry$$00000004) for __rt_entry_sh
    dnaninf.o(x$fpl$dnaninf) refers (Special) to usenofp.o(x$fpl$usenofp) for __I$use$fp
    dretinf.o(x$fpl$dretinf) refers (Special) to usenofp.o(x$fpl$usenofp) for __I$use$fp
    fnaninf.o(x$fpl$fnaninf) refers (Special) to usenofp.o(x$fpl$usenofp) for __I$use$fp
    fretinf.o(x$fpl$fretinf) refers (Special) to usenofp.o(x$fpl$usenofp) for __I$use$fp
    __rtentry2.o(.ARM.Collect$$rtentry$$00000008) refers to boardinit2.o(.text) for _platform_post_stackheap_init
    __rtentry2.o(.ARM.Collect$$rtentry$$0000000A) refers to libinit.o(.ARM.Collect$$libinit$$00000000) for __rt_lib_init
    __rtentry2.o(.ARM.Collect$$rtentry$$0000000B) refers to boardinit3.o(.text) for _platform_post_lib_init
    __rtentry2.o(.ARM.Collect$$rtentry$$0000000D) refers to main.o(i.main) for main
    __rtentry2.o(.ARM.Collect$$rtentry$$0000000D) refers to exit.o(.text) for exit
    __rtentry2.o(.ARM.exidx) refers to __rtentry2.o(.ARM.Collect$$rtentry$$00000001) for .ARM.Collect$$rtentry$$00000001
    __rtentry2.o(.ARM.exidx) refers to __rtentry2.o(.ARM.Collect$$rtentry$$00000008) for .ARM.Collect$$rtentry$$00000008
    __rtentry2.o(.ARM.exidx) refers to __rtentry2.o(.ARM.Collect$$rtentry$$0000000A) for .ARM.Collect$$rtentry$$0000000A
    __rtentry2.o(.ARM.exidx) refers to __rtentry2.o(.ARM.Collect$$rtentry$$0000000B) for .ARM.Collect$$rtentry$$0000000B
    __rtentry2.o(.ARM.exidx) refers to __rtentry2.o(.ARM.Collect$$rtentry$$0000000D) for .ARM.Collect$$rtentry$$0000000D
    __rtentry4.o(.ARM.Collect$$rtentry$$00000004) refers to sys_stackheap_outer.o(.text) for __user_setup_stackheap
    __rtentry4.o(.ARM.exidx) refers to __rtentry4.o(.ARM.Collect$$rtentry$$00000004) for .ARM.Collect$$rtentry$$00000004
    sys_stackheap_outer.o(.text) refers to libspace.o(.text) for __user_perproc_libspace
    sys_stackheap_outer.o(.text) refers to startup_stm32f10x_md.o(.text) for __user_initial_stackheap
    exit.o(.text) refers to rtexit.o(.ARM.Collect$$rtexit$$00000000) for __rt_exit
    libinit.o(.ARM.Collect$$libinit$$00000000) refers (Special) to libinit2.o(.ARM.Collect$$libinit$$0000002E) for __rt_lib_init_alloca_1
    libinit.o(.ARM.Collect$$libinit$$00000000) refers (Special) to libinit2.o(.ARM.Collect$$libinit$$0000002C) for __rt_lib_init_argv_1
    libinit.o(.ARM.Collect$$libinit$$00000000) refers (Special) to libinit2.o(.ARM.Collect$$libinit$$0000001B) for __rt_lib_init_atexit_1
    libinit.o(.ARM.Collect$$libinit$$00000000) refers (Special) to libinit2.o(.ARM.Collect$$libinit$$00000021) for __rt_lib_init_clock_1
    libinit.o(.ARM.Collect$$libinit$$00000000) refers (Special) to libinit2.o(.ARM.Collect$$libinit$$00000032) for __rt_lib_init_cpp_1
    libinit.o(.ARM.Collect$$libinit$$00000000) refers (Special) to libinit2.o(.ARM.Collect$$libinit$$00000030) for __rt_lib_init_exceptions_1
    libinit.o(.ARM.Collect$$libinit$$00000000) refers (Special) to libinit2.o(.ARM.Collect$$libinit$$00000002) for __rt_lib_init_fp_1
    libinit.o(.ARM.Collect$$libinit$$00000000) refers (Special) to libinit2.o(.ARM.Collect$$libinit$$0000001F) for __rt_lib_init_fp_trap_1
    libinit.o(.ARM.Collect$$libinit$$00000000) refers (Special) to libinit2.o(.ARM.Collect$$libinit$$00000023) for __rt_lib_init_getenv_1
    libinit.o(.ARM.Collect$$libinit$$00000000) refers (Special) to libinit2.o(.ARM.Collect$$libinit$$0000000A) for __rt_lib_init_heap_1
    libinit.o(.ARM.Collect$$libinit$$00000000) refers (Special) to libinit2.o(.ARM.Collect$$libinit$$00000011) for __rt_lib_init_lc_collate_1
    libinit.o(.ARM.Collect$$libinit$$00000000) refers (Special) to libinit2.o(.ARM.Collect$$libinit$$00000013) for __rt_lib_init_lc_ctype_1
    libinit.o(.ARM.Collect$$libinit$$00000000) refers (Special) to libinit2.o(.ARM.Collect$$libinit$$00000015) for __rt_lib_init_lc_monetary_1
    libinit.o(.ARM.Collect$$libinit$$00000000) refers (Special) to libinit2.o(.ARM.Collect$$libinit$$00000017) for __rt_lib_init_lc_numeric_1
    libinit.o(.ARM.Collect$$libinit$$00000000) refers (Special) to libinit2.o(.ARM.Collect$$libinit$$00000019) for __rt_lib_init_lc_time_1
    libinit.o(.ARM.Collect$$libinit$$00000000) refers (Special) to libinit2.o(.ARM.Collect$$libinit$$00000004) for __rt_lib_init_preinit_1
    libinit.o(.ARM.Collect$$libinit$$00000000) refers (Special) to libinit2.o(.ARM.Collect$$libinit$$0000000E) for __rt_lib_init_rand_1
    libinit.o(.ARM.Collect$$libinit$$00000000) refers (Special) to libinit2.o(.ARM.Collect$$libinit$$00000033) for __rt_lib_init_return
    libinit.o(.ARM.Collect$$libinit$$00000000) refers (Special) to libinit2.o(.ARM.Collect$$libinit$$0000001D) for __rt_lib_init_signal_1
    libinit.o(.ARM.Collect$$libinit$$00000000) refers (Special) to libinit2.o(.ARM.Collect$$libinit$$00000025) for __rt_lib_init_stdio_1
    libinit.o(.ARM.Collect$$libinit$$00000000) refers (Special) to libinit2.o(.ARM.Collect$$libinit$$0000000C) for __rt_lib_init_user_alloc_1
    libspace.o(.text) refers to libspace.o(.bss) for __libspace_start
    rtexit.o(.ARM.Collect$$rtexit$$00000000) refers (Special) to rtexit2.o(.ARM.Collect$$rtexit$$00000004) for __rt_exit_exit
    rtexit.o(.ARM.Collect$$rtexit$$00000000) refers (Special) to rtexit2.o(.ARM.Collect$$rtexit$$00000003) for __rt_exit_ls
    rtexit.o(.ARM.Collect$$rtexit$$00000000) refers (Special) to rtexit2.o(.ARM.Collect$$rtexit$$00000002) for __rt_exit_prels_1
    rtexit.o(.ARM.exidx) refers (Special) to rtexit2.o(.ARM.Collect$$rtexit$$00000004) for __rt_exit_exit
    rtexit.o(.ARM.exidx) refers (Special) to rtexit2.o(.ARM.Collect$$rtexit$$00000003) for __rt_exit_ls
    rtexit.o(.ARM.exidx) refers (Special) to rtexit2.o(.ARM.Collect$$rtexit$$00000002) for __rt_exit_prels_1
    rtexit.o(.ARM.exidx) refers to rtexit.o(.ARM.Collect$$rtexit$$00000000) for .ARM.Collect$$rtexit$$00000000
    libinit2.o(.ARM.Collect$$libinit$$00000010) refers to libinit2.o(.ARM.Collect$$libinit$$0000000F) for .ARM.Collect$$libinit$$0000000F
    libinit2.o(.ARM.Collect$$libinit$$00000012) refers to libinit2.o(.ARM.Collect$$libinit$$0000000F) for .ARM.Collect$$libinit$$0000000F
    libinit2.o(.ARM.Collect$$libinit$$00000014) refers to libinit2.o(.ARM.Collect$$libinit$$0000000F) for .ARM.Collect$$libinit$$0000000F
    libinit2.o(.ARM.Collect$$libinit$$00000016) refers to libinit2.o(.ARM.Collect$$libinit$$0000000F) for .ARM.Collect$$libinit$$0000000F
    libinit2.o(.ARM.Collect$$libinit$$00000018) refers to libinit2.o(.ARM.Collect$$libinit$$0000000F) for .ARM.Collect$$libinit$$0000000F
    libinit2.o(.ARM.Collect$$libinit$$00000026) refers to argv_veneer.o(.emb_text) for __ARM_argv_veneer
    libinit2.o(.ARM.Collect$$libinit$$00000027) refers to argv_veneer.o(.emb_text) for __ARM_argv_veneer
    rtexit2.o(.ARM.Collect$$rtexit$$00000003) refers to libshutdown.o(.ARM.Collect$$libshutdown$$00000000) for __rt_lib_shutdown
    rtexit2.o(.ARM.Collect$$rtexit$$00000004) refers to sys_exit.o(.text) for _sys_exit
    rtexit2.o(.ARM.exidx) refers to rtexit2.o(.ARM.Collect$$rtexit$$00000001) for .ARM.Collect$$rtexit$$00000001
    rtexit2.o(.ARM.exidx) refers to rtexit2.o(.ARM.Collect$$rtexit$$00000003) for .ARM.Collect$$rtexit$$00000003
    rtexit2.o(.ARM.exidx) refers to rtexit2.o(.ARM.Collect$$rtexit$$00000004) for .ARM.Collect$$rtexit$$00000004
    argv_veneer.o(.emb_text) refers to no_argv.o(.text) for __ARM_get_argv
    sys_exit.o(.text) refers (Special) to use_no_semi.o(.text) for __I$use$semihosting
    sys_exit.o(.text) refers (Special) to indicate_semi.o(.text) for __semihosting_library_function
    _get_argv_nomalloc.o(.text) refers (Special) to hrguard.o(.text) for __heap_region$guard
    _get_argv_nomalloc.o(.text) refers to defsig_rtmem_outer.o(.text) for __rt_SIGRTMEM
    _get_argv_nomalloc.o(.text) refers to sys_command.o(.text) for _sys_command_string
    libshutdown.o(.ARM.Collect$$libshutdown$$00000000) refers (Special) to libshutdown2.o(.ARM.Collect$$libshutdown$$00000006) for __rt_lib_shutdown_fp_trap_1
    libshutdown.o(.ARM.Collect$$libshutdown$$00000000) refers (Special) to libshutdown2.o(.ARM.Collect$$libshutdown$$0000000E) for __rt_lib_shutdown_heap_1
    libshutdown.o(.ARM.Collect$$libshutdown$$00000000) refers (Special) to libshutdown2.o(.ARM.Collect$$libshutdown$$0000000F) for __rt_lib_shutdown_return
    libshutdown.o(.ARM.Collect$$libshutdown$$00000000) refers (Special) to libshutdown2.o(.ARM.Collect$$libshutdown$$00000009) for __rt_lib_shutdown_signal_1
    libshutdown.o(.ARM.Collect$$libshutdown$$00000000) refers (Special) to libshutdown2.o(.ARM.Collect$$libshutdown$$00000003) for __rt_lib_shutdown_stdio_1
    libshutdown.o(.ARM.Collect$$libshutdown$$00000000) refers (Special) to libshutdown2.o(.ARM.Collect$$libshutdown$$0000000B) for __rt_lib_shutdown_user_alloc_1
    sys_command.o(.text) refers (Special) to use_no_semi.o(.text) for __I$use$semihosting
    sys_command.o(.text) refers (Special) to indicate_semi.o(.text) for __semihosting_library_function
    defsig_rtmem_outer.o(.text) refers to defsig_rtmem_inner.o(.text) for __rt_SIGRTMEM_inner
    defsig_rtmem_outer.o(.text) refers to defsig_exit.o(.text) for __sig_exit
    defsig_rtmem_formal.o(.text) refers to rt_raise.o(.text) for __rt_raise
    rt_raise.o(.text) refers to __raise.o(.text) for __raise
    rt_raise.o(.text) refers to sys_exit.o(.text) for _sys_exit
    defsig_exit.o(.text) refers to sys_exit.o(.text) for _sys_exit
    defsig_rtmem_inner.o(.text) refers to defsig_general.o(.text) for __default_signal_display
    __raise.o(.text) refers to defsig.o(CL$$defsig) for __default_signal_handler
    defsig_general.o(.text) refers to sys_wrch.o(.text) for _ttywrch
    sys_wrch.o(.text) refers (Special) to use_no_semi.o(.text) for __I$use$semihosting
    sys_wrch.o(.text) refers (Special) to indicate_semi.o(.text) for __semihosting_library_function
    defsig.o(CL$$defsig) refers to defsig_rtmem_inner.o(.text) for __rt_SIGRTMEM_inner
    defsig_abrt_inner.o(.text) refers to defsig_general.o(.text) for __default_signal_display
    defsig_fpe_inner.o(.text) refers to defsig_general.o(.text) for __default_signal_display
    defsig_rtred_inner.o(.text) refers to defsig_general.o(.text) for __default_signal_display
    defsig_stak_inner.o(.text) refers to defsig_general.o(.text) for __default_signal_display
    defsig_pvfn_inner.o(.text) refers to defsig_general.o(.text) for __default_signal_display
    defsig_cppl_inner.o(.text) refers to defsig_general.o(.text) for __default_signal_display
    defsig_segv_inner.o(.text) refers to defsig_general.o(.text) for __default_signal_display
    defsig_other.o(.text) refers to defsig_general.o(.text) for __default_signal_display


==============================================================================

Removing Unused input sections from the image.

    Removing ws2812b.o(i.WS2812B_Clear), (40 bytes).
    Removing ws2812b.o(i.WS2812B_EN), (36 bytes).
    Removing ws2812b.o(i.WS2812B_Init), (288 bytes).
    Removing ws2812b.o(i.WS2812B_Pixel_EN), (112 bytes).
    Removing ws2812b.o(.bss), (3274 bytes).
    Removing tp4115.o(i.PT4115_Change), (32 bytes).
    Removing tp4115.o(i.PT4115_Init), (24 bytes).
    Removing co2.o(i.CO2_Init), (14 bytes).
    Removing co2.o(i.CO2_Measure), (52 bytes).
    Removing co2.o(.data), (7 bytes).
    Removing bh1750.o(i.BH1750_Init), (44 bytes).
    Removing bh1750.o(i.BH1750_Measure), (84 bytes).
    Removing bh1750.o(i.BH1750_Original_Measure), (48 bytes).
    Removing bh1750.o(i.BH1750_Start), (44 bytes).
    Removing myiic.o(i.IIC_Ack), (80 bytes).
    Removing myiic.o(i.IIC_Init), (64 bytes).
    Removing myiic.o(i.IIC_NAck), (80 bytes).
    Removing myiic.o(i.IIC_Read_Byte), (112 bytes).
    Removing myiic.o(i.IIC_Send_Byte), (104 bytes).
    Removing myiic.o(i.IIC_Start), (76 bytes).
    Removing myiic.o(i.IIC_Stop), (80 bytes).
    Removing myiic.o(i.IIC_Wait_Ack), (96 bytes).
    Removing myiic.o(i.Sing_Read_NR), (86 bytes).
    Removing myiic.o(i.Sing_Write_ND), (54 bytes).
    Removing myiic.o(i.Single_Read), (72 bytes).
    Removing myiic.o(i.Single_Read_Len), (112 bytes).
    Removing myiic.o(i.Single_Write), (76 bytes).
    Removing sht20.o(i.SHT20_Measure), (216 bytes).
    Removing sht20.o(i.SHT20_Original_HUM), (58 bytes).
    Removing sht20.o(i.SHT20_Original_TEMP), (58 bytes).
    Removing usart3.o(i.Usart3_send), (32 bytes).
    Removing veml6070.o(i.VEML6070_Measure), (86 bytes).
    Removing veml6070.o(i.VEML6070_Set), (54 bytes).
    Removing security.o(i.Security_GPIO_Init), (72 bytes).
    Removing security_windows.o(i.Security_Windows_GPIO_Init), (88 bytes).
    Removing pm2.5.o(i.PM2_5_Init), (14 bytes).
    Removing pm2.5.o(i.PM2_5_Measure), (20 bytes).
    Removing a4988.o(i.A4988_Init), (148 bytes).
    Removing a4988.o(i.Motor_Control), (104 bytes).
    Removing a4988.o(i.TIM4_TIM3_Init), (336 bytes).
    Removing fan.o(i.Fan_Gpio_Init), (44 bytes).
    Removing relay.o(i.Relay_Gpio_Init), (44 bytes).
    Removing figure_print.o(i.Clear_ALL), (64 bytes).
    Removing figure_print.o(i.ImgProcess), (180 bytes).
    Removing figure_print.o(i.VefPSW), (64 bytes).
    Removing figure_print.o(i.check_figure), (336 bytes).
    Removing figure_print.o(i.enroll), (736 bytes).
    Removing figure_print.o(i.input_figure), (352 bytes).
    Removing figure_print.o(i.savefingure), (132 bytes).
    Removing figure_print.o(i.search), (156 bytes).
    Removing figure_print.o(.data), (122 bytes).
    Removing jxl12864g-086.o(i.Display_GB2312_String_IN), (260 bytes).
    Removing jxl12864g-086.o(i.Lcd_Address), (38 bytes).
    Removing jxl12864g-086.o(i.display_128x64_IN), (42 bytes).
    Removing jxl12864g-086.o(i.get_and_write_16x16_IN), (112 bytes).
    Removing jxl12864g-086.o(i.get_and_write_8x16_IN), (112 bytes).
    Removing jxl12864g-086.o(i.get_data_from_ROM_IN), (80 bytes).
    Removing jxl12864g-086.o(i.send_command_to_ROM_IN), (76 bytes).
    Removing jxl12864g-086.o(.data), (4 bytes).
    Removing debug_usart.o(i.put_c), (32 bytes).
    Removing debug_usart.o(i.usart_read), (148 bytes).
    Removing rc522.o(i.CalulateCRC), (108 bytes).
    Removing rc522.o(i.PcdAnticoll), (112 bytes).
    Removing rc522.o(i.PcdAuthState), (86 bytes).
    Removing rc522.o(i.PcdBakValue), (202 bytes).
    Removing rc522.o(i.PcdComMF522), (318 bytes).
    Removing rc522.o(i.PcdHalt), (52 bytes).
    Removing rc522.o(i.PcdRead), (86 bytes).
    Removing rc522.o(i.PcdRequest), (86 bytes).
    Removing rc522.o(i.PcdSelect), (116 bytes).
    Removing rc522.o(i.PcdValue), (188 bytes).
    Removing rc522.o(i.PcdWrite), (150 bytes).
    Removing rc522.o(i.Reset_RC522), (16 bytes).
    Removing servo.o(i.Servo_Init), (148 bytes).
    Removing servo.o(i.Servo_OFF), (10 bytes).
    Removing servo.o(i.Servo_ON), (10 bytes).
    Removing delay.o(i._delay_init), (64 bytes).
    Removing delay.o(i._delay_ms), (60 bytes).
    Removing delay.o(i._delay_us), (60 bytes).
    Removing delay.o(.data), (4 bytes).
    Removing sys.o(.emb_text), (12 bytes).
    Removing sys.o(i.MYRCC_DeInit), (104 bytes).
    Removing sys.o(i.MY_NVIC_SetVectorTable), (20 bytes).
    Removing sys.o(i.Stm32_Clock_Init), (144 bytes).
    Removing sys.o(i.Sys_Soft_Reset), (16 bytes).
    Removing sys.o(i.Sys_Standby), (76 bytes).
    Removing tim.o(i.TIM3_CH1234_Init), (288 bytes).
    Removing tim1.o(i.TIM1_Init), (76 bytes).
    Removing core_cm3.o(.emb_text), (32 bytes).
    Removing jpstm32_gpio.o(i.gpioConfig), (184 bytes).
    Removing jpstm32_nvic.o(i.nvicClearEnable), (352 bytes).
    Removing jpstm32_nvic.o(i.nvicClearPending), (336 bytes).
    Removing jpstm32_nvic.o(i.nvicGetActive), (308 bytes).
    Removing jpstm32_nvic.o(i.nvicGetPriority), (4 bytes).
    Removing jpstm32_nvic.o(i.nvicRegister), (42 bytes).
    Removing jpstm32_nvic.o(i.nvicSetEnable), (398 bytes).
    Removing jpstm32_nvic.o(i.nvicSetGroup), (64 bytes).
    Removing jpstm32_nvic.o(i.nvicSetPending), (340 bytes).
    Removing jpstm32_nvic.o(i.nvicSetPriority), (184 bytes).

99 unused section(s) (total 14467 bytes) removed from the image.

==============================================================================

Image Symbol Table

    Local Symbols

    Symbol Name                              Value     Ov Type        Size  Object(Section)

    ../clib/angel/boardlib.s                 0x00000000   Number         0  boardinit3.o ABSOLUTE
    ../clib/angel/boardlib.s                 0x00000000   Number         0  boardinit2.o ABSOLUTE
    ../clib/angel/boardlib.s                 0x00000000   Number         0  boardinit1.o ABSOLUTE
    ../clib/angel/boardlib.s                 0x00000000   Number         0  boardshut.o ABSOLUTE
    ../clib/angel/handlers.s                 0x00000000   Number         0  __scatter_zi.o ABSOLUTE
    ../clib/angel/handlers.s                 0x00000000   Number         0  __scatter_copy.o ABSOLUTE
    ../clib/angel/kernel.s                   0x00000000   Number         0  rtexit.o ABSOLUTE
    ../clib/angel/kernel.s                   0x00000000   Number         0  __rtentry4.o ABSOLUTE
    ../clib/angel/kernel.s                   0x00000000   Number         0  __rtentry2.o ABSOLUTE
    ../clib/angel/kernel.s                   0x00000000   Number         0  __rtentry.o ABSOLUTE
    ../clib/angel/kernel.s                   0x00000000   Number         0  rtexit2.o ABSOLUTE
    ../clib/angel/rt.s                       0x00000000   Number         0  rt_raise.o ABSOLUTE
    ../clib/angel/scatter.s                  0x00000000   Number         0  __scatter.o ABSOLUTE
    ../clib/angel/startup.s                  0x00000000   Number         0  __main.o ABSOLUTE
    ../clib/angel/sys.s                      0x00000000   Number         0  libspace.o ABSOLUTE
    ../clib/angel/sys.s                      0x00000000   Number         0  indicate_semi.o ABSOLUTE
    ../clib/angel/sys.s                      0x00000000   Number         0  use_no_semi.o ABSOLUTE
    ../clib/angel/sys.s                      0x00000000   Number         0  sys_stackheap_outer.o ABSOLUTE
    ../clib/angel/sysapp.c                   0x00000000   Number         0  sys_command.o ABSOLUTE
    ../clib/angel/sysapp.c                   0x00000000   Number         0  sys_exit.o ABSOLUTE
    ../clib/angel/sysapp.c                   0x00000000   Number         0  sys_wrch.o ABSOLUTE
    ../clib/armsys.c                         0x00000000   Number         0  no_argv.o ABSOLUTE
    ../clib/armsys.c                         0x00000000   Number         0  _get_argv_nomalloc.o ABSOLUTE
    ../clib/armsys.c                         0x00000000   Number         0  argv_veneer.o ABSOLUTE
    ../clib/armsys.c                         0x00000000   Number         0  argv_veneer.o ABSOLUTE
    ../clib/heapalloc.c                      0x00000000   Number         0  hrguard.o ABSOLUTE
    ../clib/heapaux.c                        0x00000000   Number         0  heapauxi.o ABSOLUTE
    ../clib/libinit.s                        0x00000000   Number         0  libshutdown.o ABSOLUTE
    ../clib/libinit.s                        0x00000000   Number         0  libshutdown2.o ABSOLUTE
    ../clib/libinit.s                        0x00000000   Number         0  libinit.o ABSOLUTE
    ../clib/libinit.s                        0x00000000   Number         0  libinit2.o ABSOLUTE
    ../clib/memcpset.s                       0x00000000   Number         0  rt_memclr_w.o ABSOLUTE
    ../clib/signal.c                         0x00000000   Number         0  defsig_segv_inner.o ABSOLUTE
    ../clib/signal.c                         0x00000000   Number         0  defsig_fpe_inner.o ABSOLUTE
    ../clib/signal.c                         0x00000000   Number         0  defsig_rtmem_outer.o ABSOLUTE
    ../clib/signal.c                         0x00000000   Number         0  defsig_general.o ABSOLUTE
    ../clib/signal.c                         0x00000000   Number         0  defsig_rtmem_formal.o ABSOLUTE
    ../clib/signal.c                         0x00000000   Number         0  defsig_rtred_inner.o ABSOLUTE
    ../clib/signal.c                         0x00000000   Number         0  defsig_stak_inner.o ABSOLUTE
    ../clib/signal.c                         0x00000000   Number         0  defsig_other.o ABSOLUTE
    ../clib/signal.c                         0x00000000   Number         0  defsig_rtmem_inner.o ABSOLUTE
    ../clib/signal.c                         0x00000000   Number         0  defsig_exit.o ABSOLUTE
    ../clib/signal.c                         0x00000000   Number         0  defsig_cppl_inner.o ABSOLUTE
    ../clib/signal.c                         0x00000000   Number         0  defsig_abrt_inner.o ABSOLUTE
    ../clib/signal.c                         0x00000000   Number         0  defsig_pvfn_inner.o ABSOLUTE
    ../clib/signal.c                         0x00000000   Number         0  __raise.o ABSOLUTE
    ../clib/signal.s                         0x00000000   Number         0  defsig.o ABSOLUTE
    ../clib/stdlib.c                         0x00000000   Number         0  exit.o ABSOLUTE
    ../fplib/d2f.s                           0x00000000   Number         0  d2f.o ABSOLUTE
    ../fplib/daddsub.s                       0x00000000   Number         0  daddsub_clz.o ABSOLUTE
    ../fplib/ddiv.s                          0x00000000   Number         0  ddiv.o ABSOLUTE
    ../fplib/dflt.s                          0x00000000   Number         0  dflt_clz.o ABSOLUTE
    ../fplib/dmul.s                          0x00000000   Number         0  dmul.o ABSOLUTE
    ../fplib/dnaninf.s                       0x00000000   Number         0  dnaninf.o ABSOLUTE
    ../fplib/dretinf.s                       0x00000000   Number         0  dretinf.o ABSOLUTE
    ../fplib/f2d.s                           0x00000000   Number         0  f2d.o ABSOLUTE
    ../fplib/faddsub.s                       0x00000000   Number         0  faddsub_clz.o ABSOLUTE
    ../fplib/fdiv.s                          0x00000000   Number         0  fdiv.o ABSOLUTE
    ../fplib/ffixu.s                         0x00000000   Number         0  ffixu.o ABSOLUTE
    ../fplib/fflt.s                          0x00000000   Number         0  fflt_clz.o ABSOLUTE
    ../fplib/fmul.s                          0x00000000   Number         0  fmul.o ABSOLUTE
    ../fplib/fnaninf.s                       0x00000000   Number         0  fnaninf.o ABSOLUTE
    ../fplib/fpinit.s                        0x00000000   Number         0  fpinit.o ABSOLUTE
    ../fplib/fretinf.s                       0x00000000   Number         0  fretinf.o ABSOLUTE
    ../fplib/usenofp.s                       0x00000000   Number         0  usenofp.o ABSOLUTE
    ..\\device\\sys.c                        0x00000000   Number         0  sys.o ABSOLUTE
    ..\\system\\core_cm3.c                   0x00000000   Number         0  core_cm3.o ABSOLUTE
    ..\app\analysis.c                        0x00000000   Number         0  analysis.o ABSOLUTE
    ..\app\config.c                          0x00000000   Number         0  config.o ABSOLUTE
    ..\app\function.c                        0x00000000   Number         0  function.o ABSOLUTE
    ..\app\main.c                            0x00000000   Number         0  main.o ABSOLUTE
    ..\boot\startup_stm32f10x_md.s           0x00000000   Number         0  startup_stm32f10x_md.o ABSOLUTE
    ..\device\Tim.c                          0x00000000   Number         0  tim.o ABSOLUTE
    ..\device\Tim1.c                         0x00000000   Number         0  tim1.o ABSOLUTE
    ..\device\delay.c                        0x00000000   Number         0  delay.o ABSOLUTE
    ..\device\sys.c                          0x00000000   Number         0  sys.o ABSOLUTE
    ..\hardware\A4988\A4988.c                0x00000000   Number         0  a4988.o ABSOLUTE
    ..\hardware\BH1750\BH1750.c              0x00000000   Number         0  bh1750.o ABSOLUTE
    ..\hardware\CO2\CO2.c                    0x00000000   Number         0  co2.o ABSOLUTE
    ..\hardware\EXIT\exti.c                  0x00000000   Number         0  exti.o ABSOLUTE
    ..\hardware\Fan\fan.c                    0x00000000   Number         0  fan.o ABSOLUTE
    ..\hardware\IIC_Master\iic_master.c      0x00000000   Number         0  iic_master.o ABSOLUTE
    ..\hardware\Lock\lock.c                  0x00000000   Number         0  lock.o ABSOLUTE
    ..\hardware\PM2.5\PM2.5.c                0x00000000   Number         0  pm2.5.o ABSOLUTE
    ..\hardware\RFID\rc522.c                 0x00000000   Number         0  rc522.o ABSOLUTE
    ..\hardware\RGBled\rgb_led.c             0x00000000   Number         0  rgb_led.o ABSOLUTE
    ..\hardware\Relay\Relay.c                0x00000000   Number         0  relay.o ABSOLUTE
    ..\hardware\SHT20\SHT20.c                0x00000000   Number         0  sht20.o ABSOLUTE
    ..\hardware\TP4115\TP4115.c              0x00000000   Number         0  tp4115.o ABSOLUTE
    ..\hardware\USART3\usart3.c              0x00000000   Number         0  usart3.o ABSOLUTE
    ..\hardware\VEML6070\veml6070.c          0x00000000   Number         0  veml6070.o ABSOLUTE
    ..\hardware\WS2812B\WS2812B.c            0x00000000   Number         0  ws2812b.o ABSOLUTE
    ..\hardware\beep\beep.c                  0x00000000   Number         0  beep.o ABSOLUTE
    ..\hardware\debug-usart\Debug_usart.c    0x00000000   Number         0  debug_usart.o ABSOLUTE
    ..\hardware\figure_print\figure_print.c  0x00000000   Number         0  figure_print.o ABSOLUTE
    ..\hardware\mini12864\JXL12864G-086.c    0x00000000   Number         0  jxl12864g-086.o ABSOLUTE
    ..\hardware\myiic\myiic.c                0x00000000   Number         0  myiic.o ABSOLUTE
    ..\hardware\security\security.c          0x00000000   Number         0  security.o ABSOLUTE
    ..\hardware\security\security_windows.c  0x00000000   Number         0  security_windows.o ABSOLUTE
    ..\hardware\servo\servo.c                0x00000000   Number         0  servo.o ABSOLUTE
    ..\hardware\zigbee_usart\ZigBee_usart.c  0x00000000   Number         0  zigbee_usart.o ABSOLUTE
    ..\system\core_cm3.c                     0x00000000   Number         0  core_cm3.o ABSOLUTE
    ..\system\jpstm32_exti.c                 0x00000000   Number         0  jpstm32_exti.o ABSOLUTE
    ..\system\jpstm32_gpio.c                 0x00000000   Number         0  jpstm32_gpio.o ABSOLUTE
    ..\system\jpstm32_nvic.c                 0x00000000   Number         0  jpstm32_nvic.o ABSOLUTE
    ..\system\jpstm32_sysclk.c               0x00000000   Number         0  jpstm32_sysclk.o ABSOLUTE
    dc.s                                     0x00000000   Number         0  dc.o ABSOLUTE
    RESET                                    0x08000000   Section      236  startup_stm32f10x_md.o(RESET)
    !!!main                                  0x080000ec   Section        8  __main.o(!!!main)
    !!!scatter                               0x080000f4   Section       52  __scatter.o(!!!scatter)
    !!handler_copy                           0x08000128   Section       26  __scatter_copy.o(!!handler_copy)
    !!handler_zi                             0x08000144   Section       28  __scatter_zi.o(!!handler_zi)
    .ARM.Collect$$libinit$$00000000          0x08000160   Section        2  libinit.o(.ARM.Collect$$libinit$$00000000)
    .ARM.Collect$$libinit$$00000002          0x08000162   Section        0  libinit2.o(.ARM.Collect$$libinit$$00000002)
    .ARM.Collect$$libinit$$00000004          0x08000162   Section        0  libinit2.o(.ARM.Collect$$libinit$$00000004)
    .ARM.Collect$$libinit$$0000000A          0x08000162   Section        0  libinit2.o(.ARM.Collect$$libinit$$0000000A)
    .ARM.Collect$$libinit$$0000000C          0x08000162   Section        0  libinit2.o(.ARM.Collect$$libinit$$0000000C)
    .ARM.Collect$$libinit$$0000000E          0x08000162   Section        0  libinit2.o(.ARM.Collect$$libinit$$0000000E)
    .ARM.Collect$$libinit$$00000011          0x08000162   Section        0  libinit2.o(.ARM.Collect$$libinit$$00000011)
    .ARM.Collect$$libinit$$00000013          0x08000162   Section        0  libinit2.o(.ARM.Collect$$libinit$$00000013)
    .ARM.Collect$$libinit$$00000015          0x08000162   Section        0  libinit2.o(.ARM.Collect$$libinit$$00000015)
    .ARM.Collect$$libinit$$00000017          0x08000162   Section        0  libinit2.o(.ARM.Collect$$libinit$$00000017)
    .ARM.Collect$$libinit$$00000019          0x08000162   Section        0  libinit2.o(.ARM.Collect$$libinit$$00000019)
    .ARM.Collect$$libinit$$0000001B          0x08000162   Section        0  libinit2.o(.ARM.Collect$$libinit$$0000001B)
    .ARM.Collect$$libinit$$0000001D          0x08000162   Section        0  libinit2.o(.ARM.Collect$$libinit$$0000001D)
    .ARM.Collect$$libinit$$0000001F          0x08000162   Section        0  libinit2.o(.ARM.Collect$$libinit$$0000001F)
    .ARM.Collect$$libinit$$00000021          0x08000162   Section        0  libinit2.o(.ARM.Collect$$libinit$$00000021)
    .ARM.Collect$$libinit$$00000023          0x08000162   Section        0  libinit2.o(.ARM.Collect$$libinit$$00000023)
    .ARM.Collect$$libinit$$00000025          0x08000162   Section        0  libinit2.o(.ARM.Collect$$libinit$$00000025)
    .ARM.Collect$$libinit$$0000002C          0x08000162   Section        0  libinit2.o(.ARM.Collect$$libinit$$0000002C)
    .ARM.Collect$$libinit$$0000002E          0x08000162   Section        0  libinit2.o(.ARM.Collect$$libinit$$0000002E)
    .ARM.Collect$$libinit$$00000030          0x08000162   Section        0  libinit2.o(.ARM.Collect$$libinit$$00000030)
    .ARM.Collect$$libinit$$00000032          0x08000162   Section        0  libinit2.o(.ARM.Collect$$libinit$$00000032)
    .ARM.Collect$$libinit$$00000033          0x08000162   Section        2  libinit2.o(.ARM.Collect$$libinit$$00000033)
    .ARM.Collect$$libshutdown$$00000000      0x08000164   Section        2  libshutdown.o(.ARM.Collect$$libshutdown$$00000000)
    .ARM.Collect$$libshutdown$$00000003      0x08000166   Section        0  libshutdown2.o(.ARM.Collect$$libshutdown$$00000003)
    .ARM.Collect$$libshutdown$$00000006      0x08000166   Section        0  libshutdown2.o(.ARM.Collect$$libshutdown$$00000006)
    .ARM.Collect$$libshutdown$$00000009      0x08000166   Section        0  libshutdown2.o(.ARM.Collect$$libshutdown$$00000009)
    .ARM.Collect$$libshutdown$$0000000B      0x08000166   Section        0  libshutdown2.o(.ARM.Collect$$libshutdown$$0000000B)
    .ARM.Collect$$libshutdown$$0000000E      0x08000166   Section        0  libshutdown2.o(.ARM.Collect$$libshutdown$$0000000E)
    .ARM.Collect$$libshutdown$$0000000F      0x08000166   Section        2  libshutdown2.o(.ARM.Collect$$libshutdown$$0000000F)
    .ARM.Collect$$rtentry$$00000000          0x08000168   Section        0  __rtentry.o(.ARM.Collect$$rtentry$$00000000)
    .ARM.Collect$$rtentry$$00000002          0x08000168   Section        0  __rtentry2.o(.ARM.Collect$$rtentry$$00000002)
    .ARM.Collect$$rtentry$$00000004          0x08000168   Section        6  __rtentry4.o(.ARM.Collect$$rtentry$$00000004)
    .ARM.Collect$$rtentry$$00000009          0x0800016e   Section        0  __rtentry2.o(.ARM.Collect$$rtentry$$00000009)
    .ARM.Collect$$rtentry$$0000000A          0x0800016e   Section        4  __rtentry2.o(.ARM.Collect$$rtentry$$0000000A)
    .ARM.Collect$$rtentry$$0000000C          0x08000172   Section        0  __rtentry2.o(.ARM.Collect$$rtentry$$0000000C)
    .ARM.Collect$$rtentry$$0000000D          0x08000172   Section        8  __rtentry2.o(.ARM.Collect$$rtentry$$0000000D)
    .ARM.Collect$$rtexit$$00000000           0x0800017a   Section        2  rtexit.o(.ARM.Collect$$rtexit$$00000000)
    .ARM.Collect$$rtexit$$00000002           0x0800017c   Section        0  rtexit2.o(.ARM.Collect$$rtexit$$00000002)
    .ARM.Collect$$rtexit$$00000003           0x0800017c   Section        4  rtexit2.o(.ARM.Collect$$rtexit$$00000003)
    .ARM.Collect$$rtexit$$00000004           0x08000180   Section        6  rtexit2.o(.ARM.Collect$$rtexit$$00000004)
    .text                                    0x08000188   Section       56  startup_stm32f10x_md.o(.text)
    .text                                    0x080001c0   Section        0  heapauxi.o(.text)
    .text                                    0x080001c6   Section       74  sys_stackheap_outer.o(.text)
    .text                                    0x08000210   Section        0  exit.o(.text)
    .text                                    0x0800021c   Section        8  libspace.o(.text)
    .text                                    0x08000224   Section        0  sys_exit.o(.text)
    .text                                    0x08000230   Section        2  use_no_semi.o(.text)
    .text                                    0x08000232   Section        0  indicate_semi.o(.text)
    i.Beep_Init                              0x08000234   Section        0  beep.o(i.Beep_Init)
    i.ClearBitMask                           0x0800026c   Section        0  rc522.o(i.ClearBitMask)
    i.Clear_Screen_IN                        0x08000288   Section        0  jxl12864g-086.o(i.Clear_Screen_IN)
    i.DMA1_Channel7_IRQHandler               0x080002c0   Section        0  zigbee_usart.o(i.DMA1_Channel7_IRQHandler)
    i.EXTI15_10_IRQHandler                   0x0800030c   Section        0  exti.o(i.EXTI15_10_IRQHandler)
    i.EXTIX_Init                             0x0800038c   Section        0  exti.o(i.EXTIX_Init)
    i.Ex_NVIC_Config                         0x080003d0   Section        0  sys.o(i.Ex_NVIC_Config)
    i.IIC_M_Ack                              0x08000470   Section        0  iic_master.o(i.IIC_M_Ack)
    i.IIC_M_Init                             0x080004c0   Section        0  iic_master.o(i.IIC_M_Init)
    i.IIC_M_NAck                             0x08000500   Section        0  iic_master.o(i.IIC_M_NAck)
    i.IIC_M_Read_Byte                        0x08000550   Section        0  iic_master.o(i.IIC_M_Read_Byte)
    i.IIC_M_Send_Byte                        0x080005c0   Section        0  iic_master.o(i.IIC_M_Send_Byte)
    i.IIC_M_Start                            0x08000628   Section        0  iic_master.o(i.IIC_M_Start)
    i.IIC_M_Stop                             0x0800065c   Section        0  iic_master.o(i.IIC_M_Stop)
    i.IIC_M_Wait_Ack                         0x080006ac   Section        0  iic_master.o(i.IIC_M_Wait_Ack)
    i.InitRc522                              0x0800070c   Section        0  rc522.o(i.InitRc522)
    i.JTAG_Set                               0x08000728   Section        0  sys.o(i.JTAG_Set)
    i.Lcd_GPIO_Iint_IN                       0x08000758   Section        0  jxl12864g-086.o(i.Lcd_GPIO_Iint_IN)
    i.Lcd_Init_IN                            0x080007ac   Section        0  jxl12864g-086.o(i.Lcd_Init_IN)
    i.Lock_Init                              0x08000838   Section        0  lock.o(i.Lock_Init)
    i.M500PcdConfigISOType                   0x08000864   Section        0  rc522.o(i.M500PcdConfigISOType)
    i.MY_NVIC_Init                           0x080008c4   Section        0  sys.o(i.MY_NVIC_Init)
    i.MY_NVIC_PriorityGroupConfig            0x0800095c   Section        0  sys.o(i.MY_NVIC_PriorityGroupConfig)
    i.PcdAntennaOff                          0x08000984   Section        0  rc522.o(i.PcdAntennaOff)
    i.PcdAntennaOn                           0x08000990   Section        0  rc522.o(i.PcdAntennaOn)
    i.PcdReset                               0x080009ac   Section        0  rc522.o(i.PcdReset)
    i.RGB_LED_Init                           0x08000a20   Section        0  rgb_led.o(i.RGB_LED_Init)
    i.ReadRawRC                              0x08000a70   Section        0  rc522.o(i.ReadRawRC)
    i.SPI1_Init                              0x08000ab0   Section        0  rc522.o(i.SPI1_Init)
    i.SPIWriteByte                           0x08000b7c   Section        0  rc522.o(i.SPIWriteByte)
    i.SetBitMask                             0x08000bd8   Section        0  rc522.o(i.SetBitMask)
    i.TIM1_UP_IRQHandler                     0x08000bf4   Section        0  tim1.o(i.TIM1_UP_IRQHandler)
    i.TIM3_IRQHandler                        0x08000c24   Section        0  a4988.o(i.TIM3_IRQHandler)
    i.Transfer_Cmd_Lcd_IN                    0x08000c4c   Section        0  jxl12864g-086.o(i.Transfer_Cmd_Lcd_IN)
    i.Transfer_Data_Lcd_IN                   0x08000cb0   Section        0  jxl12864g-086.o(i.Transfer_Data_Lcd_IN)
    i.USART1_IRQHandler                      0x08000d04   Section        0  debug_usart.o(i.USART1_IRQHandler)
    i.USART2_IRQHandler                      0x08000d58   Section        0  zigbee_usart.o(i.USART2_IRQHandler)
    i.USART3_IRQHandler                      0x08000dac   Section        0  usart3.o(i.USART3_IRQHandler)
    i.WriteRawRC                             0x08000e00   Section        0  rc522.o(i.WriteRawRC)
    i.addr_analysis                          0x08000e38   Section        0  analysis.o(i.addr_analysis)
    i.analysis                               0x08000ea0   Section        0  analysis.o(i.analysis)
    i.crc16_check                            0x08000f40   Section        0  config.o(i.crc16_check)
    i.delayInit                              0x08000f84   Section        0  jpstm32_sysclk.o(i.delayInit)
    i.delayMs                                0x08000fc4   Section        0  jpstm32_sysclk.o(i.delayMs)
    i.delayUs                                0x08001000   Section        0  jpstm32_sysclk.o(i.delayUs)
    i.delay_ns                               0x0800103c   Section        0  rc522.o(i.delay_ns)
    i.device_init                            0x0800104e   Section        0  function.o(i.device_init)
    i.feedback                               0x08001070   Section        0  function.o(i.feedback)
    i.figure_print_init                      0x080010fc   Section        0  figure_print.o(i.figure_print_init)
    i.main                                   0x08001118   Section        0  main.o(i.main)
    i.max485_rd_init                         0x08001160   Section        0  zigbee_usart.o(i.max485_rd_init)
    i.my_equ_control                         0x08001198   Section        0  function.o(i.my_equ_control)
    i.nvicSetVector                          0x080011ec   Section        0  jpstm32_nvic.o(i.nvicSetVector)
    i.rccInit                                0x08001200   Section        0  jpstm32_sysclk.o(i.rccInit)
    rccInit                                  0x08001201   Thumb Code    90  jpstm32_sysclk.o(i.rccInit)
    i.sysclkInit                             0x08001268   Section        0  jpstm32_sysclk.o(i.sysclkInit)
    i.usart3_init                            0x080012e4   Section        0  usart3.o(i.usart3_init)
    i.usart_init                             0x08001430   Section        0  debug_usart.o(i.usart_init)
    i.zigbee_send                            0x08001594   Section        0  zigbee_usart.o(i.zigbee_send)
    i.zigbee_usart_init                      0x080015c0   Section        0  zigbee_usart.o(i.zigbee_usart_init)
    x$fpl$fadd                               0x0800172c   Section      196  faddsub_clz.o(x$fpl$fadd)
    _fadd1                                   0x0800173b   Thumb Code     0  faddsub_clz.o(x$fpl$fadd)
    x$fpl$fdiv                               0x080017f0   Section      388  fdiv.o(x$fpl$fdiv)
    _fdiv1                                   0x080017f1   Thumb Code     0  fdiv.o(x$fpl$fdiv)
    x$fpl$ffixu                              0x08001974   Section       62  ffixu.o(x$fpl$ffixu)
    x$fpl$ffltu                              0x080019b4   Section       38  fflt_clz.o(x$fpl$ffltu)
    x$fpl$fmul                               0x080019dc   Section      258  fmul.o(x$fpl$fmul)
    x$fpl$fnaninf                            0x08001ade   Section      140  fnaninf.o(x$fpl$fnaninf)
    x$fpl$fretinf                            0x08001b6a   Section       10  fretinf.o(x$fpl$fretinf)
    x$fpl$frsb                               0x08001b74   Section       20  faddsub_clz.o(x$fpl$frsb)
    x$fpl$fsub                               0x08001b88   Section      234  faddsub_clz.o(x$fpl$fsub)
    _fsub1                                   0x08001b97   Thumb Code     0  faddsub_clz.o(x$fpl$fsub)
    x$fpl$usenofp                            0x08001c72   Section        0  usenofp.o(x$fpl$usenofp)
    .data                                    0x20000000   Section        1  function.o(.data)
    .data                                    0x20000001   Section        5  config.o(.data)
    .data                                    0x20000006   Section        4  zigbee_usart.o(.data)
    .data                                    0x2000000a   Section        3  usart3.o(.data)
    .data                                    0x2000000d   Section        3  exti.o(.data)
    .data                                    0x20000010   Section        3  debug_usart.o(.data)
    .data                                    0x20000014   Section        4  jpstm32_sysclk.o(.data)
    fac_us                                   0x20000014   Data           1  jpstm32_sysclk.o(.data)
    fac_ms                                   0x20000016   Data           2  jpstm32_sysclk.o(.data)
    .bss                                     0x20000018   Section       20  function.o(.bss)
    .bss                                     0x2000002c   Section      256  zigbee_usart.o(.bss)
    .bss                                     0x2000012c   Section       50  usart3.o(.bss)
    .bss                                     0x2000015e   Section      106  debug_usart.o(.bss)
    .bss                                     0x200001c8   Section       96  libspace.o(.bss)
    HEAP                                     0x20000228   Section      512  startup_stm32f10x_md.o(HEAP)
    Heap_Mem                                 0x20000228   Data         512  startup_stm32f10x_md.o(HEAP)
    STACK                                    0x20000428   Section     1024  startup_stm32f10x_md.o(STACK)
    Stack_Mem                                0x20000428   Data        1024  startup_stm32f10x_md.o(STACK)
    __initial_sp                             0x20000828   Data           0  startup_stm32f10x_md.o(STACK)

    Global Symbols

    Symbol Name                              Value     Ov Type        Size  Object(Section)

    BuildAttributes$$THM_ISAv4$P$D$K$B$S$PE$A:L22UL41UL21$X:L11$S22US41US21$IEEE1$IW$USESV6$~STKCKD$USESV7$~SHL$OSPACE$ROPI$EBA8$UX$STANDARDLIB$REQ8$PRES8$EABIv2 0x00000000   Number         0  anon$$obj.o ABSOLUTE
    __ARM_use_no_argv                        0x00000000   Number         0  main.o ABSOLUTE
    __ARM_exceptions_init                     - Undefined Weak Reference
    __alloca_initialize                       - Undefined Weak Reference
    __arm_preinit_                            - Undefined Weak Reference
    __cpp_initialize__aeabi_                  - Undefined Weak Reference
    __cxa_finalize                            - Undefined Weak Reference
    __rt_locale                               - Undefined Weak Reference
    __sigvec_lookup                           - Undefined Weak Reference
    _atexit_init                              - Undefined Weak Reference
    _call_atexit_fns                          - Undefined Weak Reference
    _clock_init                               - Undefined Weak Reference
    _fp_trap_init                             - Undefined Weak Reference
    _fp_trap_shutdown                         - Undefined Weak Reference
    _get_lc_collate                           - Undefined Weak Reference
    _get_lc_ctype                             - Undefined Weak Reference
    _get_lc_monetary                          - Undefined Weak Reference
    _get_lc_numeric                           - Undefined Weak Reference
    _get_lc_time                              - Undefined Weak Reference
    _getenv_init                              - Undefined Weak Reference
    _handle_redirection                       - Undefined Weak Reference
    _init_alloc                               - Undefined Weak Reference
    _init_user_alloc                          - Undefined Weak Reference
    _initio                                   - Undefined Weak Reference
    _rand_init                                - Undefined Weak Reference
    _signal_finish                            - Undefined Weak Reference
    _signal_init                              - Undefined Weak Reference
    _terminate_alloc                          - Undefined Weak Reference
    _terminate_user_alloc                     - Undefined Weak Reference
    _terminateio                              - Undefined Weak Reference
    __Vectors_Size                           0x000000ec   Number         0  startup_stm32f10x_md.o ABSOLUTE
    __Vectors                                0x08000000   Data           4  startup_stm32f10x_md.o(RESET)
    __Vectors_End                            0x080000ec   Data           0  startup_stm32f10x_md.o(RESET)
    __main                                   0x080000ed   Thumb Code     8  __main.o(!!!main)
    __scatterload                            0x080000f5   Thumb Code     0  __scatter.o(!!!scatter)
    __scatterload_rt2                        0x080000f5   Thumb Code    44  __scatter.o(!!!scatter)
    __scatterload_rt2_thumb_only             0x080000f5   Thumb Code     0  __scatter.o(!!!scatter)
    __scatterload_null                       0x08000103   Thumb Code     0  __scatter.o(!!!scatter)
    __scatterload_copy                       0x08000129   Thumb Code    26  __scatter_copy.o(!!handler_copy)
    __scatterload_zeroinit                   0x08000145   Thumb Code    28  __scatter_zi.o(!!handler_zi)
    __rt_lib_init                            0x08000161   Thumb Code     0  libinit.o(.ARM.Collect$$libinit$$00000000)
    __rt_lib_init_alloca_1                   0x08000163   Thumb Code     0  libinit2.o(.ARM.Collect$$libinit$$0000002E)
    __rt_lib_init_argv_1                     0x08000163   Thumb Code     0  libinit2.o(.ARM.Collect$$libinit$$0000002C)
    __rt_lib_init_atexit_1                   0x08000163   Thumb Code     0  libinit2.o(.ARM.Collect$$libinit$$0000001B)
    __rt_lib_init_clock_1                    0x08000163   Thumb Code     0  libinit2.o(.ARM.Collect$$libinit$$00000021)
    __rt_lib_init_cpp_1                      0x08000163   Thumb Code     0  libinit2.o(.ARM.Collect$$libinit$$00000032)
    __rt_lib_init_exceptions_1               0x08000163   Thumb Code     0  libinit2.o(.ARM.Collect$$libinit$$00000030)
    __rt_lib_init_fp_1                       0x08000163   Thumb Code     0  libinit2.o(.ARM.Collect$$libinit$$00000002)
    __rt_lib_init_fp_trap_1                  0x08000163   Thumb Code     0  libinit2.o(.ARM.Collect$$libinit$$0000001F)
    __rt_lib_init_getenv_1                   0x08000163   Thumb Code     0  libinit2.o(.ARM.Collect$$libinit$$00000023)
    __rt_lib_init_heap_1                     0x08000163   Thumb Code     0  libinit2.o(.ARM.Collect$$libinit$$0000000A)
    __rt_lib_init_lc_collate_1               0x08000163   Thumb Code     0  libinit2.o(.ARM.Collect$$libinit$$00000011)
    __rt_lib_init_lc_ctype_1                 0x08000163   Thumb Code     0  libinit2.o(.ARM.Collect$$libinit$$00000013)
    __rt_lib_init_lc_monetary_1              0x08000163   Thumb Code     0  libinit2.o(.ARM.Collect$$libinit$$00000015)
    __rt_lib_init_lc_numeric_1               0x08000163   Thumb Code     0  libinit2.o(.ARM.Collect$$libinit$$00000017)
    __rt_lib_init_lc_time_1                  0x08000163   Thumb Code     0  libinit2.o(.ARM.Collect$$libinit$$00000019)
    __rt_lib_init_preinit_1                  0x08000163   Thumb Code     0  libinit2.o(.ARM.Collect$$libinit$$00000004)
    __rt_lib_init_rand_1                     0x08000163   Thumb Code     0  libinit2.o(.ARM.Collect$$libinit$$0000000E)
    __rt_lib_init_return                     0x08000163   Thumb Code     0  libinit2.o(.ARM.Collect$$libinit$$00000033)
    __rt_lib_init_signal_1                   0x08000163   Thumb Code     0  libinit2.o(.ARM.Collect$$libinit$$0000001D)
    __rt_lib_init_stdio_1                    0x08000163   Thumb Code     0  libinit2.o(.ARM.Collect$$libinit$$00000025)
    __rt_lib_init_user_alloc_1               0x08000163   Thumb Code     0  libinit2.o(.ARM.Collect$$libinit$$0000000C)
    __rt_lib_shutdown                        0x08000165   Thumb Code     0  libshutdown.o(.ARM.Collect$$libshutdown$$00000000)
    __rt_lib_shutdown_fp_trap_1              0x08000167   Thumb Code     0  libshutdown2.o(.ARM.Collect$$libshutdown$$00000006)
    __rt_lib_shutdown_heap_1                 0x08000167   Thumb Code     0  libshutdown2.o(.ARM.Collect$$libshutdown$$0000000E)
    __rt_lib_shutdown_return                 0x08000167   Thumb Code     0  libshutdown2.o(.ARM.Collect$$libshutdown$$0000000F)
    __rt_lib_shutdown_signal_1               0x08000167   Thumb Code     0  libshutdown2.o(.ARM.Collect$$libshutdown$$00000009)
    __rt_lib_shutdown_stdio_1                0x08000167   Thumb Code     0  libshutdown2.o(.ARM.Collect$$libshutdown$$00000003)
    __rt_lib_shutdown_user_alloc_1           0x08000167   Thumb Code     0  libshutdown2.o(.ARM.Collect$$libshutdown$$0000000B)
    __rt_entry                               0x08000169   Thumb Code     0  __rtentry.o(.ARM.Collect$$rtentry$$00000000)
    __rt_entry_presh_1                       0x08000169   Thumb Code     0  __rtentry2.o(.ARM.Collect$$rtentry$$00000002)
    __rt_entry_sh                            0x08000169   Thumb Code     0  __rtentry4.o(.ARM.Collect$$rtentry$$00000004)
    __rt_entry_li                            0x0800016f   Thumb Code     0  __rtentry2.o(.ARM.Collect$$rtentry$$0000000A)
    __rt_entry_postsh_1                      0x0800016f   Thumb Code     0  __rtentry2.o(.ARM.Collect$$rtentry$$00000009)
    __rt_entry_main                          0x08000173   Thumb Code     0  __rtentry2.o(.ARM.Collect$$rtentry$$0000000D)
    __rt_entry_postli_1                      0x08000173   Thumb Code     0  __rtentry2.o(.ARM.Collect$$rtentry$$0000000C)
    __rt_exit                                0x0800017b   Thumb Code     0  rtexit.o(.ARM.Collect$$rtexit$$00000000)
    __rt_exit_ls                             0x0800017d   Thumb Code     0  rtexit2.o(.ARM.Collect$$rtexit$$00000003)
    __rt_exit_prels_1                        0x0800017d   Thumb Code     0  rtexit2.o(.ARM.Collect$$rtexit$$00000002)
    __rt_exit_exit                           0x08000181   Thumb Code     0  rtexit2.o(.ARM.Collect$$rtexit$$00000004)
    Reset_Handler                            0x08000189   Thumb Code     4  startup_stm32f10x_md.o(.text)
    NMI_Handler                              0x0800018d   Thumb Code     2  startup_stm32f10x_md.o(.text)
    HardFault_Handler                        0x0800018f   Thumb Code     2  startup_stm32f10x_md.o(.text)
    MemManage_Handler                        0x08000191   Thumb Code     2  startup_stm32f10x_md.o(.text)
    BusFault_Handler                         0x08000193   Thumb Code     2  startup_stm32f10x_md.o(.text)
    UsageFault_Handler                       0x08000195   Thumb Code     2  startup_stm32f10x_md.o(.text)
    SVC_Handler                              0x08000197   Thumb Code     2  startup_stm32f10x_md.o(.text)
    DebugMon_Handler                         0x08000199   Thumb Code     2  startup_stm32f10x_md.o(.text)
    PendSV_Handler                           0x0800019b   Thumb Code     2  startup_stm32f10x_md.o(.text)
    SysTick_Handler                          0x0800019d   Thumb Code     2  startup_stm32f10x_md.o(.text)
    ADC1_2_IRQHandler                        0x0800019f   Thumb Code     0  startup_stm32f10x_md.o(.text)
    CAN1_RX1_IRQHandler                      0x0800019f   Thumb Code     0  startup_stm32f10x_md.o(.text)
    CAN1_SCE_IRQHandler                      0x0800019f   Thumb Code     0  startup_stm32f10x_md.o(.text)
    DMA1_Channel1_IRQHandler                 0x0800019f   Thumb Code     0  startup_stm32f10x_md.o(.text)
    DMA1_Channel2_IRQHandler                 0x0800019f   Thumb Code     0  startup_stm32f10x_md.o(.text)
    DMA1_Channel3_IRQHandler                 0x0800019f   Thumb Code     0  startup_stm32f10x_md.o(.text)
    DMA1_Channel4_IRQHandler                 0x0800019f   Thumb Code     0  startup_stm32f10x_md.o(.text)
    DMA1_Channel5_IRQHandler                 0x0800019f   Thumb Code     0  startup_stm32f10x_md.o(.text)
    DMA1_Channel6_IRQHandler                 0x0800019f   Thumb Code     0  startup_stm32f10x_md.o(.text)
    EXTI0_IRQHandler                         0x0800019f   Thumb Code     0  startup_stm32f10x_md.o(.text)
    EXTI1_IRQHandler                         0x0800019f   Thumb Code     0  startup_stm32f10x_md.o(.text)
    EXTI2_IRQHandler                         0x0800019f   Thumb Code     0  startup_stm32f10x_md.o(.text)
    EXTI3_IRQHandler                         0x0800019f   Thumb Code     0  startup_stm32f10x_md.o(.text)
    EXTI4_IRQHandler                         0x0800019f   Thumb Code     0  startup_stm32f10x_md.o(.text)
    EXTI9_5_IRQHandler                       0x0800019f   Thumb Code     0  startup_stm32f10x_md.o(.text)
    FLASH_IRQHandler                         0x0800019f   Thumb Code     0  startup_stm32f10x_md.o(.text)
    I2C1_ER_IRQHandler                       0x0800019f   Thumb Code     0  startup_stm32f10x_md.o(.text)
    I2C1_EV_IRQHandler                       0x0800019f   Thumb Code     0  startup_stm32f10x_md.o(.text)
    I2C2_ER_IRQHandler                       0x0800019f   Thumb Code     0  startup_stm32f10x_md.o(.text)
    I2C2_EV_IRQHandler                       0x0800019f   Thumb Code     0  startup_stm32f10x_md.o(.text)
    PVD_IRQHandler                           0x0800019f   Thumb Code     0  startup_stm32f10x_md.o(.text)
    RCC_IRQHandler                           0x0800019f   Thumb Code     0  startup_stm32f10x_md.o(.text)
    RTCAlarm_IRQHandler                      0x0800019f   Thumb Code     0  startup_stm32f10x_md.o(.text)
    RTC_IRQHandler                           0x0800019f   Thumb Code     0  startup_stm32f10x_md.o(.text)
    SPI1_IRQHandler                          0x0800019f   Thumb Code     0  startup_stm32f10x_md.o(.text)
    SPI2_IRQHandler                          0x0800019f   Thumb Code     0  startup_stm32f10x_md.o(.text)
    TAMPER_IRQHandler                        0x0800019f   Thumb Code     0  startup_stm32f10x_md.o(.text)
    TIM1_BRK_IRQHandler                      0x0800019f   Thumb Code     0  startup_stm32f10x_md.o(.text)
    TIM1_CC_IRQHandler                       0x0800019f   Thumb Code     0  startup_stm32f10x_md.o(.text)
    TIM1_TRG_COM_IRQHandler                  0x0800019f   Thumb Code     0  startup_stm32f10x_md.o(.text)
    TIM2_IRQHandler                          0x0800019f   Thumb Code     0  startup_stm32f10x_md.o(.text)
    TIM4_IRQHandler                          0x0800019f   Thumb Code     0  startup_stm32f10x_md.o(.text)
    USBWakeUp_IRQHandler                     0x0800019f   Thumb Code     0  startup_stm32f10x_md.o(.text)
    USB_HP_CAN1_TX_IRQHandler                0x0800019f   Thumb Code     0  startup_stm32f10x_md.o(.text)
    USB_LP_CAN1_RX0_IRQHandler               0x0800019f   Thumb Code     0  startup_stm32f10x_md.o(.text)
    WWDG_IRQHandler                          0x0800019f   Thumb Code     0  startup_stm32f10x_md.o(.text)
    __user_initial_stackheap                 0x080001a1   Thumb Code     0  startup_stm32f10x_md.o(.text)
    __use_two_region_memory                  0x080001c1   Thumb Code     2  heapauxi.o(.text)
    __rt_heap_escrow$2region                 0x080001c3   Thumb Code     2  heapauxi.o(.text)
    __rt_heap_expand$2region                 0x080001c5   Thumb Code     2  heapauxi.o(.text)
    __user_setup_stackheap                   0x080001c7   Thumb Code    74  sys_stackheap_outer.o(.text)
    exit                                     0x08000211   Thumb Code    12  exit.o(.text)
    __user_libspace                          0x0800021d   Thumb Code     8  libspace.o(.text)
    __user_perproc_libspace                  0x0800021d   Thumb Code     0  libspace.o(.text)
    __user_perthread_libspace                0x0800021d   Thumb Code     0  libspace.o(.text)
    _sys_exit                                0x08000225   Thumb Code     8  sys_exit.o(.text)
    __I$use$semihosting                      0x08000231   Thumb Code     0  use_no_semi.o(.text)
    __use_no_semihosting_swi                 0x08000231   Thumb Code     2  use_no_semi.o(.text)
    __semihosting_library_function           0x08000233   Thumb Code     0  indicate_semi.o(.text)
    Beep_Init                                0x08000235   Thumb Code    42  beep.o(i.Beep_Init)
    ClearBitMask                             0x0800026d   Thumb Code    28  rc522.o(i.ClearBitMask)
    Clear_Screen_IN                          0x08000289   Thumb Code    54  jxl12864g-086.o(i.Clear_Screen_IN)
    DMA1_Channel7_IRQHandler                 0x080002c1   Thumb Code    68  zigbee_usart.o(i.DMA1_Channel7_IRQHandler)
    EXTI15_10_IRQHandler                     0x0800030d   Thumb Code   116  exti.o(i.EXTI15_10_IRQHandler)
    EXTIX_Init                               0x0800038d   Thumb Code    60  exti.o(i.EXTIX_Init)
    Ex_NVIC_Config                           0x080003d1   Thumb Code   146  sys.o(i.Ex_NVIC_Config)
    IIC_M_Ack                                0x08000471   Thumb Code    66  iic_master.o(i.IIC_M_Ack)
    IIC_M_Init                               0x080004c1   Thumb Code    48  iic_master.o(i.IIC_M_Init)
    IIC_M_NAck                               0x08000501   Thumb Code    66  iic_master.o(i.IIC_M_NAck)
    IIC_M_Read_Byte                          0x08000551   Thumb Code    98  iic_master.o(i.IIC_M_Read_Byte)
    IIC_M_Send_Byte                          0x080005c1   Thumb Code    90  iic_master.o(i.IIC_M_Send_Byte)
    IIC_M_Start                              0x08000629   Thumb Code    42  iic_master.o(i.IIC_M_Start)
    IIC_M_Stop                               0x0800065d   Thumb Code    68  iic_master.o(i.IIC_M_Stop)
    IIC_M_Wait_Ack                           0x080006ad   Thumb Code    82  iic_master.o(i.IIC_M_Wait_Ack)
    InitRc522                                0x0800070d   Thumb Code    26  rc522.o(i.InitRc522)
    JTAG_Set                                 0x08000729   Thumb Code    38  sys.o(i.JTAG_Set)
    Lcd_GPIO_Iint_IN                         0x08000759   Thumb Code    66  jxl12864g-086.o(i.Lcd_GPIO_Iint_IN)
    Lcd_Init_IN                              0x080007ad   Thumb Code   130  jxl12864g-086.o(i.Lcd_Init_IN)
    Lock_Init                                0x08000839   Thumb Code    36  lock.o(i.Lock_Init)
    M500PcdConfigISOType                     0x08000865   Thumb Code    94  rc522.o(i.M500PcdConfigISOType)
    MY_NVIC_Init                             0x080008c5   Thumb Code   144  sys.o(i.MY_NVIC_Init)
    MY_NVIC_PriorityGroupConfig              0x0800095d   Thumb Code    32  sys.o(i.MY_NVIC_PriorityGroupConfig)
    PcdAntennaOff                            0x08000985   Thumb Code    12  rc522.o(i.PcdAntennaOff)
    PcdAntennaOn                             0x08000991   Thumb Code    26  rc522.o(i.PcdAntennaOn)
    PcdReset                                 0x080009ad   Thumb Code   106  rc522.o(i.PcdReset)
    RGB_LED_Init                             0x08000a21   Thumb Code    56  rgb_led.o(i.RGB_LED_Init)
    ReadRawRC                                0x08000a71   Thumb Code    54  rc522.o(i.ReadRawRC)
    SPI1_Init                                0x08000ab1   Thumb Code   184  rc522.o(i.SPI1_Init)
    SPIWriteByte                             0x08000b7d   Thumb Code    86  rc522.o(i.SPIWriteByte)
    SetBitMask                               0x08000bd9   Thumb Code    28  rc522.o(i.SetBitMask)
    TIM1_UP_IRQHandler                       0x08000bf5   Thumb Code    42  tim1.o(i.TIM1_UP_IRQHandler)
    TIM3_IRQHandler                          0x08000c25   Thumb Code    30  a4988.o(i.TIM3_IRQHandler)
    Transfer_Cmd_Lcd_IN                      0x08000c4d   Thumb Code    92  jxl12864g-086.o(i.Transfer_Cmd_Lcd_IN)
    Transfer_Data_Lcd_IN                     0x08000cb1   Thumb Code    74  jxl12864g-086.o(i.Transfer_Data_Lcd_IN)
    USART1_IRQHandler                        0x08000d05   Thumb Code    68  debug_usart.o(i.USART1_IRQHandler)
    USART2_IRQHandler                        0x08000d59   Thumb Code    66  zigbee_usart.o(i.USART2_IRQHandler)
    USART3_IRQHandler                        0x08000dad   Thumb Code    66  usart3.o(i.USART3_IRQHandler)
    WriteRawRC                               0x08000e01   Thumb Code    46  rc522.o(i.WriteRawRC)
    addr_analysis                            0x08000e39   Thumb Code    98  analysis.o(i.addr_analysis)
    analysis                                 0x08000ea1   Thumb Code   152  analysis.o(i.analysis)
    crc16_check                              0x08000f41   Thumb Code    68  config.o(i.crc16_check)
    delayInit                                0x08000f85   Thumb Code    56  jpstm32_sysclk.o(i.delayInit)
    delayMs                                  0x08000fc5   Thumb Code    56  jpstm32_sysclk.o(i.delayMs)
    delayUs                                  0x08001001   Thumb Code    56  jpstm32_sysclk.o(i.delayUs)
    delay_ns                                 0x0800103d   Thumb Code    18  rc522.o(i.delay_ns)
    device_init                              0x0800104f   Thumb Code    32  function.o(i.device_init)
    feedback                                 0x08001071   Thumb Code   126  function.o(i.feedback)
    figure_print_init                        0x080010fd   Thumb Code    26  figure_print.o(i.figure_print_init)
    main                                     0x08001119   Thumb Code    68  main.o(i.main)
    max485_rd_init                           0x08001161   Thumb Code    42  zigbee_usart.o(i.max485_rd_init)
    my_equ_control                           0x08001199   Thumb Code    74  function.o(i.my_equ_control)
    nvicSetVector                            0x080011ed   Thumb Code    12  jpstm32_nvic.o(i.nvicSetVector)
    sysclkInit                               0x08001269   Thumb Code   114  jpstm32_sysclk.o(i.sysclkInit)
    usart3_init                              0x080012e5   Thumb Code   306  usart3.o(i.usart3_init)
    usart_init                               0x08001431   Thumb Code   326  debug_usart.o(i.usart_init)
    zigbee_send                              0x08001595   Thumb Code    40  zigbee_usart.o(i.zigbee_send)
    zigbee_usart_init                        0x080015c1   Thumb Code   338  zigbee_usart.o(i.zigbee_usart_init)
    __aeabi_fadd                             0x0800172d   Thumb Code     0  faddsub_clz.o(x$fpl$fadd)
    _fadd                                    0x0800172d   Thumb Code   196  faddsub_clz.o(x$fpl$fadd)
    __aeabi_fdiv                             0x080017f1   Thumb Code     0  fdiv.o(x$fpl$fdiv)
    _fdiv                                    0x080017f1   Thumb Code   384  fdiv.o(x$fpl$fdiv)
    __aeabi_f2uiz                            0x08001975   Thumb Code     0  ffixu.o(x$fpl$ffixu)
    _ffixu                                   0x08001975   Thumb Code    62  ffixu.o(x$fpl$ffixu)
    __aeabi_ui2f                             0x080019b5   Thumb Code     0  fflt_clz.o(x$fpl$ffltu)
    _ffltu                                   0x080019b5   Thumb Code    38  fflt_clz.o(x$fpl$ffltu)
    __aeabi_fmul                             0x080019dd   Thumb Code     0  fmul.o(x$fpl$fmul)
    _fmul                                    0x080019dd   Thumb Code   258  fmul.o(x$fpl$fmul)
    __fpl_fnaninf                            0x08001adf   Thumb Code   140  fnaninf.o(x$fpl$fnaninf)
    __fpl_fretinf                            0x08001b6b   Thumb Code    10  fretinf.o(x$fpl$fretinf)
    __aeabi_frsub                            0x08001b75   Thumb Code     0  faddsub_clz.o(x$fpl$frsb)
    _frsb                                    0x08001b75   Thumb Code    20  faddsub_clz.o(x$fpl$frsb)
    __aeabi_fsub                             0x08001b89   Thumb Code     0  faddsub_clz.o(x$fpl$fsub)
    _fsub                                    0x08001b89   Thumb Code   234  faddsub_clz.o(x$fpl$fsub)
    __I$use$fp                               0x08001c72   Number         0  usenofp.o(x$fpl$usenofp)
    Region$$Table$$Base                      0x08001c74   Number         0  anon$$obj.o(Region$$Table)
    Region$$Table$$Limit                     0x08001c94   Number         0  anon$$obj.o(Region$$Table)
    l_lock                                   0x20000000   Data           1  function.o(.data)
    device_ids                               0x20000001   Data           5  config.o(.data)
    ZigBee_usart_tx_status                   0x20000006   Data           1  zigbee_usart.o(.data)
    zigbee_buffer_overflow_flag              0x20000007   Data           1  zigbee_usart.o(.data)
    ZigbeeR_Size                             0x20000008   Data           1  zigbee_usart.o(.data)
    ZigbeeR_Finish                           0x20000009   Data           1  zigbee_usart.o(.data)
    UsartDataLen                             0x2000000a   Data           1  usart3.o(.data)
    Usart3RX_L                               0x2000000b   Data           1  usart3.o(.data)
    UsartR_Finished                          0x2000000c   Data           1  usart3.o(.data)
    key_value                                0x2000000d   Data           1  exti.o(.data)
    door_page                                0x2000000e   Data           1  exti.o(.data)
    Open_type                                0x2000000f   Data           1  exti.o(.data)
    usart_tx_status                          0x20000010   Data           1  debug_usart.o(.data)
    usart_buffer_overflow_flag               0x20000011   Data           1  debug_usart.o(.data)
    Usart1_RFinish                           0x20000012   Data           1  debug_usart.o(.data)
    updata_buffer                            0x20000018   Data          20  function.o(.bss)
    zigbee_buffer                            0x2000002c   Data         256  zigbee_usart.o(.bss)
    Usart3Buffer                             0x2000012c   Data          50  usart3.o(.bss)
    Usart1_RBuffer                           0x2000015e   Data          50  debug_usart.o(.bss)
    usart_buffer                             0x20000190   Data          56  debug_usart.o(.bss)
    __libspace_start                         0x200001c8   Data          96  libspace.o(.bss)
    __temporary_stack_top$libspace           0x20000228   Data           0  libspace.o(.bss)



==============================================================================

Memory Map of the image

  Image Entry point : 0x080000ed

  Load Region LR_IROM1 (Base: 0x08000000, Size: 0x00001cac, Max: 0x00010000, ABSOLUTE)

    Execution Region ER_IROM1 (Base: 0x08000000, Size: 0x00001c94, Max: 0x00010000, ABSOLUTE)

    Base Addr    Size         Type   Attr      Idx    E Section Name        Object

    0x08000000   0x000000ec   Data   RO         1195    RESET               startup_stm32f10x_md.o
    0x080000ec   0x00000008   Code   RO         1343  * !!!main             c_w.l(__main.o)
    0x080000f4   0x00000034   Code   RO         1552    !!!scatter          c_w.l(__scatter.o)
    0x08000128   0x0000001a   Code   RO         1554    !!handler_copy      c_w.l(__scatter_copy.o)
    0x08000142   0x00000002   PAD
    0x08000144   0x0000001c   Code   RO         1556    !!handler_zi        c_w.l(__scatter_zi.o)
    0x08000160   0x00000002   Code   RO         1423    .ARM.Collect$$libinit$$00000000  c_w.l(libinit.o)
    0x08000162   0x00000000   Code   RO         1430    .ARM.Collect$$libinit$$00000002  c_w.l(libinit2.o)
    0x08000162   0x00000000   Code   RO         1432    .ARM.Collect$$libinit$$00000004  c_w.l(libinit2.o)
    0x08000162   0x00000000   Code   RO         1435    .ARM.Collect$$libinit$$0000000A  c_w.l(libinit2.o)
    0x08000162   0x00000000   Code   RO         1437    .ARM.Collect$$libinit$$0000000C  c_w.l(libinit2.o)
    0x08000162   0x00000000   Code   RO         1439    .ARM.Collect$$libinit$$0000000E  c_w.l(libinit2.o)
    0x08000162   0x00000000   Code   RO         1442    .ARM.Collect$$libinit$$00000011  c_w.l(libinit2.o)
    0x08000162   0x00000000   Code   RO         1444    .ARM.Collect$$libinit$$00000013  c_w.l(libinit2.o)
    0x08000162   0x00000000   Code   RO         1446    .ARM.Collect$$libinit$$00000015  c_w.l(libinit2.o)
    0x08000162   0x00000000   Code   RO         1448    .ARM.Collect$$libinit$$00000017  c_w.l(libinit2.o)
    0x08000162   0x00000000   Code   RO         1450    .ARM.Collect$$libinit$$00000019  c_w.l(libinit2.o)
    0x08000162   0x00000000   Code   RO         1452    .ARM.Collect$$libinit$$0000001B  c_w.l(libinit2.o)
    0x08000162   0x00000000   Code   RO         1454    .ARM.Collect$$libinit$$0000001D  c_w.l(libinit2.o)
    0x08000162   0x00000000   Code   RO         1456    .ARM.Collect$$libinit$$0000001F  c_w.l(libinit2.o)
    0x08000162   0x00000000   Code   RO         1458    .ARM.Collect$$libinit$$00000021  c_w.l(libinit2.o)
    0x08000162   0x00000000   Code   RO         1460    .ARM.Collect$$libinit$$00000023  c_w.l(libinit2.o)
    0x08000162   0x00000000   Code   RO         1462    .ARM.Collect$$libinit$$00000025  c_w.l(libinit2.o)
    0x08000162   0x00000000   Code   RO         1466    .ARM.Collect$$libinit$$0000002C  c_w.l(libinit2.o)
    0x08000162   0x00000000   Code   RO         1468    .ARM.Collect$$libinit$$0000002E  c_w.l(libinit2.o)
    0x08000162   0x00000000   Code   RO         1470    .ARM.Collect$$libinit$$00000030  c_w.l(libinit2.o)
    0x08000162   0x00000000   Code   RO         1472    .ARM.Collect$$libinit$$00000032  c_w.l(libinit2.o)
    0x08000162   0x00000002   Code   RO         1473    .ARM.Collect$$libinit$$00000033  c_w.l(libinit2.o)
    0x08000164   0x00000002   Code   RO         1493    .ARM.Collect$$libshutdown$$00000000  c_w.l(libshutdown.o)
    0x08000166   0x00000000   Code   RO         1507    .ARM.Collect$$libshutdown$$00000003  c_w.l(libshutdown2.o)
    0x08000166   0x00000000   Code   RO         1510    .ARM.Collect$$libshutdown$$00000006  c_w.l(libshutdown2.o)
    0x08000166   0x00000000   Code   RO         1513    .ARM.Collect$$libshutdown$$00000009  c_w.l(libshutdown2.o)
    0x08000166   0x00000000   Code   RO         1515    .ARM.Collect$$libshutdown$$0000000B  c_w.l(libshutdown2.o)
    0x08000166   0x00000000   Code   RO         1518    .ARM.Collect$$libshutdown$$0000000E  c_w.l(libshutdown2.o)
    0x08000166   0x00000002   Code   RO         1519    .ARM.Collect$$libshutdown$$0000000F  c_w.l(libshutdown2.o)
    0x08000168   0x00000000   Code   RO         1389    .ARM.Collect$$rtentry$$00000000  c_w.l(__rtentry.o)
    0x08000168   0x00000000   Code   RO         1400    .ARM.Collect$$rtentry$$00000002  c_w.l(__rtentry2.o)
    0x08000168   0x00000006   Code   RO         1412    .ARM.Collect$$rtentry$$00000004  c_w.l(__rtentry4.o)
    0x0800016e   0x00000000   Code   RO         1402    .ARM.Collect$$rtentry$$00000009  c_w.l(__rtentry2.o)
    0x0800016e   0x00000004   Code   RO         1403    .ARM.Collect$$rtentry$$0000000A  c_w.l(__rtentry2.o)
    0x08000172   0x00000000   Code   RO         1405    .ARM.Collect$$rtentry$$0000000C  c_w.l(__rtentry2.o)
    0x08000172   0x00000008   Code   RO         1406    .ARM.Collect$$rtentry$$0000000D  c_w.l(__rtentry2.o)
    0x0800017a   0x00000002   Code   RO         1427    .ARM.Collect$$rtexit$$00000000  c_w.l(rtexit.o)
    0x0800017c   0x00000000   Code   RO         1475    .ARM.Collect$$rtexit$$00000002  c_w.l(rtexit2.o)
    0x0800017c   0x00000004   Code   RO         1476    .ARM.Collect$$rtexit$$00000003  c_w.l(rtexit2.o)
    0x08000180   0x00000006   Code   RO         1477    .ARM.Collect$$rtexit$$00000004  c_w.l(rtexit2.o)
    0x08000186   0x00000002   PAD
    0x08000188   0x00000038   Code   RO         1196    .text               startup_stm32f10x_md.o
    0x080001c0   0x00000006   Code   RO         1341    .text               c_w.l(heapauxi.o)
    0x080001c6   0x0000004a   Code   RO         1414    .text               c_w.l(sys_stackheap_outer.o)
    0x08000210   0x0000000c   Code   RO         1416    .text               c_w.l(exit.o)
    0x0800021c   0x00000008   Code   RO         1424    .text               c_w.l(libspace.o)
    0x08000224   0x0000000c   Code   RO         1485    .text               c_w.l(sys_exit.o)
    0x08000230   0x00000002   Code   RO         1496    .text               c_w.l(use_no_semi.o)
    0x08000232   0x00000000   Code   RO         1498    .text               c_w.l(indicate_semi.o)
    0x08000232   0x00000002   PAD
    0x08000234   0x00000038   Code   RO          831    i.Beep_Init         beep.o
    0x0800026c   0x0000001c   Code   RO          890    i.ClearBitMask      rc522.o
    0x08000288   0x00000036   Code   RO          751    i.Clear_Screen_IN   jxl12864g-086.o
    0x080002be   0x00000002   PAD
    0x080002c0   0x0000004c   Code   RO          146    i.DMA1_Channel7_IRQHandler  zigbee_usart.o
    0x0800030c   0x00000080   Code   RO          588    i.EXTI15_10_IRQHandler  exti.o
    0x0800038c   0x00000044   Code   RO          589    i.EXTIX_Init        exti.o
    0x080003d0   0x000000a0   Code   RO         1096    i.Ex_NVIC_Config    sys.o
    0x08000470   0x00000050   Code   RO          685    i.IIC_M_Ack         iic_master.o
    0x080004c0   0x00000040   Code   RO          686    i.IIC_M_Init        iic_master.o
    0x08000500   0x00000050   Code   RO          687    i.IIC_M_NAck        iic_master.o
    0x08000550   0x00000070   Code   RO          688    i.IIC_M_Read_Byte   iic_master.o
    0x080005c0   0x00000068   Code   RO          689    i.IIC_M_Send_Byte   iic_master.o
    0x08000628   0x00000034   Code   RO          690    i.IIC_M_Start       iic_master.o
    0x0800065c   0x00000050   Code   RO          691    i.IIC_M_Stop        iic_master.o
    0x080006ac   0x00000060   Code   RO          692    i.IIC_M_Wait_Ack    iic_master.o
    0x0800070c   0x0000001a   Code   RO          891    i.InitRc522         rc522.o
    0x08000726   0x00000002   PAD
    0x08000728   0x00000030   Code   RO         1097    i.JTAG_Set          sys.o
    0x08000758   0x00000054   Code   RO          754    i.Lcd_GPIO_Iint_IN  jxl12864g-086.o
    0x080007ac   0x0000008c   Code   RO          755    i.Lcd_Init_IN       jxl12864g-086.o
    0x08000838   0x0000002c   Code   RO          739    i.Lock_Init         lock.o
    0x08000864   0x0000005e   Code   RO          892    i.M500PcdConfigISOType  rc522.o
    0x080008c2   0x00000002   PAD
    0x080008c4   0x00000098   Code   RO         1099    i.MY_NVIC_Init      sys.o
    0x0800095c   0x00000028   Code   RO         1100    i.MY_NVIC_PriorityGroupConfig  sys.o
    0x08000984   0x0000000c   Code   RO          893    i.PcdAntennaOff     rc522.o
    0x08000990   0x0000001a   Code   RO          894    i.PcdAntennaOn      rc522.o
    0x080009aa   0x00000002   PAD
    0x080009ac   0x00000074   Code   RO          902    i.PcdReset          rc522.o
    0x08000a20   0x00000050   Code   RO          877    i.RGB_LED_Init      rgb_led.o
    0x08000a70   0x00000040   Code   RO          906    i.ReadRawRC         rc522.o
    0x08000ab0   0x000000cc   Code   RO          908    i.SPI1_Init         rc522.o
    0x08000b7c   0x0000005c   Code   RO          909    i.SPIWriteByte      rc522.o
    0x08000bd8   0x0000001c   Code   RO          910    i.SetBitMask        rc522.o
    0x08000bf4   0x00000030   Code   RO         1173    i.TIM1_UP_IRQHandler  tim1.o
    0x08000c24   0x00000028   Code   RO          527    i.TIM3_IRQHandler   a4988.o
    0x08000c4c   0x00000064   Code   RO          756    i.Transfer_Cmd_Lcd_IN  jxl12864g-086.o
    0x08000cb0   0x00000054   Code   RO          757    i.Transfer_Data_Lcd_IN  jxl12864g-086.o
    0x08000d04   0x00000054   Code   RO          843    i.USART1_IRQHandler  debug_usart.o
    0x08000d58   0x00000054   Code   RO          147    i.USART2_IRQHandler  zigbee_usart.o
    0x08000dac   0x00000054   Code   RO          424    i.USART3_IRQHandler  usart3.o
    0x08000e00   0x00000038   Code   RO          911    i.WriteRawRC        rc522.o
    0x08000e38   0x00000068   Code   RO           85    i.addr_analysis     analysis.o
    0x08000ea0   0x000000a0   Code   RO           86    i.analysis          analysis.o
    0x08000f40   0x00000044   Code   RO          131    i.crc16_check       config.o
    0x08000f84   0x00000040   Code   RO         1300    i.delayInit         jpstm32_sysclk.o
    0x08000fc4   0x0000003c   Code   RO         1301    i.delayMs           jpstm32_sysclk.o
    0x08001000   0x0000003c   Code   RO         1302    i.delayUs           jpstm32_sysclk.o
    0x0800103c   0x00000012   Code   RO          912    i.delay_ns          rc522.o
    0x0800104e   0x00000020   Code   RO          103    i.device_init       function.o
    0x0800106e   0x00000002   PAD
    0x08001070   0x0000008c   Code   RO          104    i.feedback          function.o
    0x080010fc   0x0000001a   Code   RO          614    i.figure_print_init  figure_print.o
    0x08001116   0x00000002   PAD
    0x08001118   0x00000048   Code   RO            1    i.main              main.o
    0x08001160   0x00000038   Code   RO          148    i.max485_rd_init    zigbee_usart.o
    0x08001198   0x00000054   Code   RO          105    i.my_equ_control    function.o
    0x080011ec   0x00000014   Code   RO         1243    i.nvicSetVector     jpstm32_nvic.o
    0x08001200   0x00000068   Code   RO         1303    i.rccInit           jpstm32_sysclk.o
    0x08001268   0x0000007c   Code   RO         1304    i.sysclkInit        jpstm32_sysclk.o
    0x080012e4   0x0000014c   Code   RO          426    i.usart3_init       usart3.o
    0x08001430   0x00000164   Code   RO          845    i.usart_init        debug_usart.o
    0x08001594   0x0000002c   Code   RO          149    i.zigbee_send       zigbee_usart.o
    0x080015c0   0x0000016c   Code   RO          150    i.zigbee_usart_init  zigbee_usart.o
    0x0800172c   0x000000c4   Code   RO         1367    x$fpl$fadd          fz_ws.l(faddsub_clz.o)
    0x080017f0   0x00000184   Code   RO         1374    x$fpl$fdiv          fz_ws.l(fdiv.o)
    0x08001974   0x0000003e   Code   RO         1377    x$fpl$ffixu         fz_ws.l(ffixu.o)
    0x080019b2   0x00000002   PAD
    0x080019b4   0x00000026   Code   RO         1381    x$fpl$ffltu         fz_ws.l(fflt_clz.o)
    0x080019da   0x00000002   PAD
    0x080019dc   0x00000102   Code   RO         1387    x$fpl$fmul          fz_ws.l(fmul.o)
    0x08001ade   0x0000008c   Code   RO         1394    x$fpl$fnaninf       fz_ws.l(fnaninf.o)
    0x08001b6a   0x0000000a   Code   RO         1396    x$fpl$fretinf       fz_ws.l(fretinf.o)
    0x08001b74   0x00000014   Code   RO         1368    x$fpl$frsb          fz_ws.l(faddsub_clz.o)
    0x08001b88   0x000000ea   Code   RO         1369    x$fpl$fsub          fz_ws.l(faddsub_clz.o)
    0x08001c72   0x00000000   Code   RO         1398    x$fpl$usenofp       fz_ws.l(usenofp.o)
    0x08001c72   0x00000002   PAD
    0x08001c74   0x00000020   Data   RO         1550    Region$$Table       anon$$obj.o


    Execution Region RW_IRAM1 (Base: 0x20000000, Size: 0x00000828, Max: 0x00005000, ABSOLUTE)

    Base Addr    Size         Type   Attr      Idx    E Section Name        Object

    0x20000000   0x00000001   Data   RW          107    .data               function.o
    0x20000001   0x00000005   Data   RW          132    .data               config.o
    0x20000006   0x00000004   Data   RW          152    .data               zigbee_usart.o
    0x2000000a   0x00000003   Data   RW          428    .data               usart3.o
    0x2000000d   0x00000003   Data   RW          590    .data               exti.o
    0x20000010   0x00000003   Data   RW          848    .data               debug_usart.o
    0x20000013   0x00000001   PAD
    0x20000014   0x00000004   Data   RW         1305    .data               jpstm32_sysclk.o
    0x20000018   0x00000014   Zero   RW          106    .bss                function.o
    0x2000002c   0x00000100   Zero   RW          151    .bss                zigbee_usart.o
    0x2000012c   0x00000032   Zero   RW          427    .bss                usart3.o
    0x2000015e   0x0000006a   Zero   RW          847    .bss                debug_usart.o
    0x200001c8   0x00000060   Zero   RW         1425    .bss                c_w.l(libspace.o)
    0x20000228   0x00000200   Zero   RW         1194    HEAP                startup_stm32f10x_md.o
    0x20000428   0x00000400   Zero   RW         1193    STACK               startup_stm32f10x_md.o


==============================================================================

Image component sizes


      Code (inc. data)   RO Data    RW Data    ZI Data      Debug   Object Name

        40         10          0          0          0        446   a4988.o
       264         14          0          0          0       1679   analysis.o
        56         14          0          0          0        432   beep.o
        68          0          0          5          0       1163   config.o
       440         46          0          3        106       2201   debug_usart.o
       196         20          0          3          0       1768   exti.o
        26          0          0          0          0        500   figure_print.o
       256         24          0          1         20       2605   function.o
       668        108          0          0          0       4330   iic_master.o
        20          8          0          0          0        508   jpstm32_nvic.o
       412         40          0          4          0       2701   jpstm32_sysclk.o
       462         46          0          0          0       2816   jxl12864g-086.o
        44          8          0          0          0        428   lock.o
        72          4          0          0          0       3099   main.o
       764         56          0          0          0       6412   rc522.o
        80         24          0          0          0        451   rgb_led.o
        56         22        236          0       1536        792   startup_stm32f10x_md.o
       400         40          0          0          0       2417   sys.o
        48          6          0          0          0        437   tim1.o
       416         44          0          3         50       1981   usart3.o
       624         70          0          4        256       3713   zigbee_usart.o

    ----------------------------------------------------------------------
      5424        604        268         24       1968      40879   Object Totals
         0          0         32          0          0          0   (incl. Generated)
        12          0          0          1          0          0   (incl. Padding)

    ----------------------------------------------------------------------

      Code (inc. data)   RO Data    RW Data    ZI Data      Debug   Library Member Name

         8          0          0          0          0         68   __main.o
         0          0          0          0          0          0   __rtentry.o
        12          0          0          0          0          0   __rtentry2.o
         6          0          0          0          0          0   __rtentry4.o
        52          8          0          0          0          0   __scatter.o
        26          0          0          0          0          0   __scatter_copy.o
        28          0          0          0          0          0   __scatter_zi.o
        12          0          0          0          0         72   exit.o
         6          0          0          0          0        152   heapauxi.o
         0          0          0          0          0          0   indicate_semi.o
         2          0          0          0          0          0   libinit.o
         2          0          0          0          0          0   libinit2.o
         2          0          0          0          0          0   libshutdown.o
         2          0          0          0          0          0   libshutdown2.o
         8          4          0          0         96         68   libspace.o
         2          0          0          0          0          0   rtexit.o
        10          0          0          0          0          0   rtexit2.o
        12          4          0          0          0         68   sys_exit.o
        74          0          0          0          0         80   sys_stackheap_outer.o
         2          0          0          0          0         68   use_no_semi.o
       450          8          0          0          0        236   faddsub_clz.o
       388         76          0          0          0         96   fdiv.o
        62          4          0          0          0         84   ffixu.o
        38          0          0          0          0         68   fflt_clz.o
       258          4          0          0          0         84   fmul.o
       140          4          0          0          0         84   fnaninf.o
        10          0          0          0          0         68   fretinf.o
         0          0          0          0          0          0   usenofp.o

    ----------------------------------------------------------------------
      1624        112          0          0         96       1296   Library Totals
        12          0          0          0          0          0   (incl. Padding)

    ----------------------------------------------------------------------

      Code (inc. data)   RO Data    RW Data    ZI Data      Debug   Library Name

       266         16          0          0         96        576   c_w.l
      1346         96          0          0          0        720   fz_ws.l

    ----------------------------------------------------------------------
      1624        112          0          0         96       1296   Library Totals

    ----------------------------------------------------------------------

==============================================================================


      Code (inc. data)   RO Data    RW Data    ZI Data      Debug   

      7048        716        268         24       2064      38635   Grand Totals
      7048        716        268         24       2064      38635   ELF Image Totals
      7048        716        268         24          0          0   ROM Totals

==============================================================================

    Total RO  Size (Code + RO Data)                 7316 (   7.14kB)
    Total RW  Size (RW Data + ZI Data)              2088 (   2.04kB)
    Total ROM Size (Code + RO Data + RW Data)       7340 (   7.17kB)

==============================================================================

